Product: MDK-ARM Professional 5.10
Component: ARM Compiler 5.04 update 1 (build 49)
Tool: armlink [5040049]

==============================================================================

Section Cross References

    tasks.o(i.prvAddCurrentTaskToDelayedList) refers to list.o(i.vListInsert) for vListInsert
    tasks.o(i.prvAddCurrentTaskToDelayedList) refers to tasks.o(.data) for .data
    tasks.o(i.prvCheckTasksWaitingTermination) refers to tasks.o(i.vTaskSuspendAll) for vTaskSuspendAll
    tasks.o(i.prvCheckTasksWaitingTermination) refers to tasks.o(i.xTaskResumeAll) for xTaskResumeAll
    tasks.o(i.prvCheckTasksWaitingTermination) refers to port.o(i.vPortEnterCritical) for vPortEnterCritical
    tasks.o(i.prvCheckTasksWaitingTermination) refers to list.o(i.uxListRemove) for uxListRemove
    tasks.o(i.prvCheckTasksWaitingTermination) refers to port.o(i.vPortExitCritical) for vPortExitCritical
    tasks.o(i.prvCheckTasksWaitingTermination) refers to heap_4.o(i.vPortFree) for vPortFree
    tasks.o(i.prvCheckTasksWaitingTermination) refers to tasks.o(.bss) for .bss
    tasks.o(i.prvCheckTasksWaitingTermination) refers to tasks.o(.data) for .data
    tasks.o(i.prvIdleTask) refers to tasks.o(i.prvCheckTasksWaitingTermination) for prvCheckTasksWaitingTermination
    tasks.o(i.prvIdleTask) refers to port.o(i.vPortYield) for vPortYield
    tasks.o(i.prvIdleTask) refers to tasks.o(.bss) for .bss
    tasks.o(i.prvResetNextTaskUnblockTime) refers to tasks.o(.data) for .data
    tasks.o(i.prvTaskIsTaskSuspended) refers to port.o(.emb_text) for ulPortSetInterruptMask
    tasks.o(i.prvTaskIsTaskSuspended) refers to tasks.o(.bss) for .bss
    tasks.o(i.pvTaskIncrementMutexHeldCount) refers to tasks.o(.data) for .data
    tasks.o(i.ulTaskNotifyTake) refers to port.o(i.vPortEnterCritical) for vPortEnterCritical
    tasks.o(i.ulTaskNotifyTake) refers to list.o(i.uxListRemove) for uxListRemove
    tasks.o(i.ulTaskNotifyTake) refers to tasks.o(i.prvAddCurrentTaskToDelayedList) for prvAddCurrentTaskToDelayedList
    tasks.o(i.ulTaskNotifyTake) refers to port.o(i.vPortYield) for vPortYield
    tasks.o(i.ulTaskNotifyTake) refers to port.o(i.vPortExitCritical) for vPortExitCritical
    tasks.o(i.ulTaskNotifyTake) refers to list.o(i.vListInsertEnd) for vListInsertEnd
    tasks.o(i.ulTaskNotifyTake) refers to tasks.o(.data) for .data
    tasks.o(i.ulTaskNotifyTake) refers to tasks.o(.bss) for .bss
    tasks.o(i.uxTaskGetNumberOfTasks) refers to tasks.o(.data) for .data
    tasks.o(i.uxTaskGetSystemState) refers to tasks.o(i.vTaskSuspendAll) for vTaskSuspendAll
    tasks.o(i.uxTaskGetSystemState) refers to tasks.o(i.prvListTaskWithinSingleList) for prvListTaskWithinSingleList
    tasks.o(i.uxTaskGetSystemState) refers to tasks.o(i.xTaskResumeAll) for xTaskResumeAll
    tasks.o(i.uxTaskGetSystemState) refers to tasks.o(.data) for .data
    tasks.o(i.uxTaskGetSystemState) refers to tasks.o(.bss) for .bss
    tasks.o(i.uxTaskPriorityGet) refers to port.o(i.vPortEnterCritical) for vPortEnterCritical
    tasks.o(i.uxTaskPriorityGet) refers to port.o(i.vPortExitCritical) for vPortExitCritical
    tasks.o(i.uxTaskPriorityGet) refers to tasks.o(.data) for .data
    tasks.o(i.uxTaskPriorityGetFromISR) refers to port.o(i.vPortValidateInterruptPriority) for vPortValidateInterruptPriority
    tasks.o(i.uxTaskPriorityGetFromISR) refers to port.o(.emb_text) for ulPortSetInterruptMask
    tasks.o(i.uxTaskPriorityGetFromISR) refers to tasks.o(.data) for .data
    tasks.o(i.uxTaskResetEventItemValue) refers to tasks.o(.data) for .data
    tasks.o(i.vTaskDelay) refers to port.o(.emb_text) for ulPortSetInterruptMask
    tasks.o(i.vTaskDelay) refers to tasks.o(i.vTaskSuspendAll) for vTaskSuspendAll
    tasks.o(i.vTaskDelay) refers to list.o(i.uxListRemove) for uxListRemove
    tasks.o(i.vTaskDelay) refers to tasks.o(i.prvAddCurrentTaskToDelayedList) for prvAddCurrentTaskToDelayedList
    tasks.o(i.vTaskDelay) refers to tasks.o(i.xTaskResumeAll) for xTaskResumeAll
    tasks.o(i.vTaskDelay) refers to port.o(i.vPortYield) for vPortYield
    tasks.o(i.vTaskDelay) refers to tasks.o(.data) for .data
    tasks.o(i.vTaskDelete) refers to port.o(i.vPortEnterCritical) for vPortEnterCritical
    tasks.o(i.vTaskDelete) refers to list.o(i.uxListRemove) for uxListRemove
    tasks.o(i.vTaskDelete) refers to list.o(i.vListInsertEnd) for vListInsertEnd
    tasks.o(i.vTaskDelete) refers to port.o(i.vPortExitCritical) for vPortExitCritical
    tasks.o(i.vTaskDelete) refers to port.o(.emb_text) for ulPortSetInterruptMask
    tasks.o(i.vTaskDelete) refers to port.o(i.vPortYield) for vPortYield
    tasks.o(i.vTaskDelete) refers to tasks.o(i.prvResetNextTaskUnblockTime) for prvResetNextTaskUnblockTime
    tasks.o(i.vTaskDelete) refers to tasks.o(.data) for .data
    tasks.o(i.vTaskDelete) refers to tasks.o(.bss) for .bss
    tasks.o(i.vTaskEndScheduler) refers to port.o(.emb_text) for ulPortSetInterruptMask
[...]
    ../Drivers/STM32F1xx_HAL_Driver/Src/stm32f1xx_hal_tim.c 0x00000000   Number         0  stm32f1xx_hal_tim.o ABSOLUTE
    ../Drivers/STM32F1xx_HAL_Driver/Src/stm32f1xx_hal_tim_ex.c 0x00000000   Number         0  stm32f1xx_hal_tim_ex.o ABSOLUTE
    ../Drivers/STM32F1xx_HAL_Driver/Src/stm32f1xx_hal_uart.c 0x00000000   Number         0  stm32f1xx_hal_uart.o ABSOLUTE
    ../Drivers/STM32F1xx_HAL_Driver/Src/stm32f1xx_ll_fsmc.c 0x00000000   Number         0  stm32f1xx_ll_fsmc.o ABSOLUTE
    ../Drivers/STM32F1xx_HAL_Driver/Src/stm32f1xx_ll_sdmmc.c 0x00000000   Number         0  stm32f1xx_ll_sdmmc.o ABSOLUTE
    ../Middlewares/Third_Party/FreeRTOS/Source/CMSIS_RTOS/cmsis_os.c 0x00000000   Number         0  cmsis_os.o ABSOLUTE
    ../Middlewares/Third_Party/FreeRTOS/Source/croutine.c 0x00000000   Number         0  croutine.o ABSOLUTE
    ../Middlewares/Third_Party/FreeRTOS/Source/event_groups.c 0x00000000   Number         0  event_groups.o ABSOLUTE
    ../Middlewares/Third_Party/FreeRTOS/Source/list.c 0x00000000   Number         0  list.o ABSOLUTE
    ../Middlewares/Third_Party/FreeRTOS/Source/portable/MemMang/heap_4.c 0x00000000   Number         0  heap_4.o ABSOLUTE
    ../Middlewares/Third_Party/FreeRTOS/Source/portable/RVDS/ARM_CM3/port.c 0x00000000   Number         0  port.o ABSOLUTE
    ../Middlewares/Third_Party/FreeRTOS/Source/queue.c 0x00000000   Number         0  queue.o ABSOLUTE
    ../Middlewares/Third_Party/FreeRTOS/Source/tasks.c 0x00000000   Number         0  tasks.o ABSOLUTE
    ../Middlewares/Third_Party/FreeRTOS/Source/timers.c 0x00000000   Number         0  timers.o ABSOLUTE
    ../Src/freertos.c                        0x00000000   Number         0  freertos.o ABSOLUTE
    ../Src/main.c                            0x00000000   Number         0  main.o ABSOLUTE
    ../Src/stm32f1xx_hal_msp.c               0x00000000   Number         0  stm32f1xx_hal_msp.o ABSOLUTE
    ../Src/stm32f1xx_hal_timebase_TIM.c      0x00000000   Number         0  stm32f1xx_hal_timebase_tim.o ABSOLUTE
    ../Src/stm32f1xx_it.c                    0x00000000   Number         0  stm32f1xx_it.o ABSOLUTE
    ../clib/microlib/division.c              0x00000000   Number         0  uldiv.o ABSOLUTE
    ../clib/microlib/division.c              0x00000000   Number         0  uidiv.o ABSOLUTE
    ../clib/microlib/init/entry.s            0x00000000   Number         0  entry10b.o ABSOLUTE
    ../clib/microlib/init/entry.s            0x00000000   Number         0  entry8a.o ABSOLUTE
    ../clib/microlib/init/entry.s            0x00000000   Number         0  entry11b.o ABSOLUTE
    ../clib/microlib/init/entry.s            0x00000000   Number         0  entry11a.o ABSOLUTE
    ../clib/microlib/init/entry.s            0x00000000   Number         0  entry10a.o ABSOLUTE
    ../clib/microlib/init/entry.s            0x00000000   Number         0  entry2.o ABSOLUTE
    ../clib/microlib/init/entry.s            0x00000000   Number         0  entry7b.o ABSOLUTE
    ../clib/microlib/init/entry.s            0x00000000   Number         0  entry9b.o ABSOLUTE
    ../clib/microlib/init/entry.s            0x00000000   Number         0  entry9a.o ABSOLUTE
    ../clib/microlib/init/entry.s            0x00000000   Number         0  entry5.o ABSOLUTE
    ../clib/microlib/init/entry.s            0x00000000   Number         0  entry.o ABSOLUTE
    ../clib/microlib/init/entry.s            0x00000000   Number         0  entry7a.o ABSOLUTE
    ../clib/microlib/init/entry.s            0x00000000   Number         0  entry8b.o ABSOLUTE
    ../clib/microlib/longlong.c              0x00000000   Number         0  llushr.o ABSOLUTE
    ../clib/microlib/longlong.c              0x00000000   Number         0  llsshr.o ABSOLUTE
    ../clib/microlib/longlong.c              0x00000000   Number         0  llshl.o ABSOLUTE
    ../clib/microlib/printf/printf.c         0x00000000   Number         0  printf2.o ABSOLUTE
    ../clib/microlib/printf/printf.c         0x00000000   Number         0  printf1.o ABSOLUTE
    ../clib/microlib/printf/printf.c         0x00000000   Number         0  printf0.o ABSOLUTE
    ../clib/microlib/printf/printf.c         0x00000000   Number         0  printfb.o ABSOLUTE
    ../clib/microlib/printf/printf.c         0x00000000   Number         0  printf5.o ABSOLUTE
    ../clib/microlib/printf/printf.c         0x00000000   Number         0  printf4.o ABSOLUTE
    ../clib/microlib/printf/printf.c         0x00000000   Number         0  printf3.o ABSOLUTE
    ../clib/microlib/printf/printf.c         0x00000000   Number         0  printf7.o ABSOLUTE
    ../clib/microlib/printf/printf.c         0x00000000   Number         0  printf8.o ABSOLUTE
    ../clib/microlib/printf/printf.c         0x00000000   Number         0  printfa.o ABSOLUTE
    ../clib/microlib/printf/printf.c         0x00000000   Number         0  printf6.o ABSOLUTE
    ../clib/microlib/printf/stubs.s          0x00000000   Number         0  stubs.o ABSOLUTE
    ../clib/microlib/stdio/fputc.c           0x00000000   Number         0  fputc.o ABSOLUTE
    ../clib/microlib/stdio/semi.s            0x00000000   Number         0  semi.o ABSOLUTE
    ../clib/microlib/stdio/streams.c         0x00000000   Number         0  stdout.o ABSOLUTE
    ../clib/microlib/string/memcpy.c         0x00000000   Number         0  memcpyb.o ABSOLUTE
    ../clib/microlib/string/memcpy.c         0x00000000   Number         0  memcpya.o ABSOLUTE
    ../clib/microlib/string/memset.c         0x00000000   Number         0  memseta.o ABSOLUTE
    ../clib/microlib/string/strlen.c         0x00000000   Number         0  strlen.o ABSOLUTE
    ../clib/microlib/stubs.s                 0x00000000   Number         0  iusesemip.o ABSOLUTE
    ../clib/microlib/stubs.s                 0x00000000   Number         0  iusefp.o ABSOLUTE
    ../fplib/microlib/fpadd.c                0x00000000   Number         0  dadd.o ABSOLUTE
    ../fplib/microlib/fpdiv.c                0x00000000   Number         0  ddiv.o ABSOLUTE
    ../fplib/microlib/fpepilogue.c           0x00000000   Number         0  depilogue.o ABSOLUTE
    ../fplib/microlib/fpfix.c                0x00000000   Number         0  dfixul.o ABSOLUTE
    ../fplib/microlib/fpmul.c                0x00000000   Number         0  dmul.o ABSOLUTE
    ..\Drivers\CMSIS\Device\ST\STM32F1xx\Source\Templates\system_stm32f1xx.c 0x00000000   Number         0  system_stm32f1xx.o ABSOLUTE
    ..\Drivers\STM32F1xx_HAL_Driver\Src\stm32f1xx_hal.c 0x00000000   Number         0  stm32f1xx_hal.o ABSOLUTE
    ..\Drivers\STM32F1xx_HAL_Driver\Src\stm32f1xx_hal_cortex.c 0x00000000   Number         0  stm32f1xx_hal_cortex.o ABSOLUTE
    ..\Drivers\STM32F1xx_HAL_Driver\Src\stm32f1xx_hal_dma.c 0x00000000   Number         0  stm32f1xx_hal_dma.o ABSOLUTE
    ..\Drivers\STM32F1xx_HAL_Driver\Src\stm32f1xx_hal_flash.c 0x00000000   Number         0  stm32f1xx_hal_flash.o ABSOLUTE
    ..\Drivers\STM32F1xx_HAL_Driver\Src\stm32f1xx_hal_flash_ex.c 0x00000000   Number         0  stm32f1xx_hal_flash_ex.o ABSOLUTE
    ..\Drivers\STM32F1xx_HAL_Driver\Src\stm32f1xx_hal_gpio.c 0x00000000   Number         0  stm32f1xx_hal_gpio.o ABSOLUTE
    ..\Drivers\STM32F1xx_HAL_Driver\Src\stm32f1xx_hal_pwr.c 0x00000000   Number         0  stm32f1xx_hal_pwr.o ABSOLUTE
    ..\Drivers\STM32F1xx_HAL_Driver\Src\stm32f1xx_hal_rcc.c 0x00000000   Number         0  stm32f1xx_hal_rcc.o ABSOLUTE
    ..\Drivers\STM32F1xx_HAL_Driver\Src\stm32f1xx_hal_rcc_ex.c 0x00000000   Number         0  stm32f1xx_hal_rcc_ex.o ABSOLUTE
    ..\Drivers\STM32F1xx_HAL_Driver\Src\stm32f1xx_hal_rtc.c 0x00000000   Number         0  stm32f1xx_hal_rtc.o ABSOLUTE
    ..\Drivers\STM32F1xx_HAL_Driver\Src\stm32f1xx_hal_rtc_ex.c 0x00000000   Number         0  stm32f1xx_hal_rtc_ex.o ABSOLUTE
    ..\Drivers\STM32F1xx_HAL_Driver\Src\stm32f1xx_hal_sd.c 0x00000000   Number         0  stm32f1xx_hal_sd.o ABSOLUTE
    ..\Drivers\STM32F1xx_HAL_Driver\Src\stm32f1xx_hal_sram.c 0x00000000   Number         0  stm32f1xx_hal_sram.o ABSOLUTE
    ..\Drivers\STM32F1xx_HAL_Driver\Src\stm32f1xx_hal_tim.c 0x00000000   Number         0  stm32f1xx_hal_tim.o ABSOLUTE
    ..\Drivers\STM32F1xx_HAL_Driver\Src\stm32f1xx_hal_tim_ex.c 0x00000000   Number         0  stm32f1xx_hal_tim_ex.o ABSOLUTE
    ..\Drivers\STM32F1xx_HAL_Driver\Src\stm32f1xx_hal_uart.c 0x00000000   Number         0  stm32f1xx_hal_uart.o ABSOLUTE
    ..\Drivers\STM32F1xx_HAL_Driver\Src\stm32f1xx_ll_fsmc.c 0x00000000   Number         0  stm32f1xx_ll_fsmc.o ABSOLUTE
    ..\Drivers\STM32F1xx_HAL_Driver\Src\stm32f1xx_ll_sdmmc.c 0x00000000   Number         0  stm32f1xx_ll_sdmmc.o ABSOLUTE
    ..\Middlewares\Third_Party\FreeRTOS\Source\CMSIS_RTOS\cmsis_os.c 0x00000000   Number         0  cmsis_os.o ABSOLUTE
    ..\Middlewares\Third_Party\FreeRTOS\Source\portable\RVDS\ARM_CM3\port.c 0x00000000   Number         0  port.o ABSOLUTE
    ..\Src\main.c                            0x00000000   Number         0  main.o ABSOLUTE
    ..\Src\stm32f1xx_hal_msp.c               0x00000000   Number         0  stm32f1xx_hal_msp.o ABSOLUTE
    ..\Src\stm32f1xx_hal_timebase_TIM.c      0x00000000   Number         0  stm32f1xx_hal_timebase_tim.o ABSOLUTE
    ..\Src\stm32f1xx_it.c                    0x00000000   Number         0  stm32f1xx_it.o ABSOLUTE
    ..\Src\tft.c                             0x00000000   Number         0  tft.o ABSOLUTE
    ..\\Src\\tft.c                           0x00000000   Number         0  tft.o ABSOLUTE
    cdrcmple.s                               0x00000000   Number         0  cdrcmple.o ABSOLUTE
    dc.s                                     0x00000000   Number         0  dc.o ABSOLUTE
    handlers.s                               0x00000000   Number         0  handlers.o ABSOLUTE
    init.s                                   0x00000000   Number         0  init.o ABSOLUTE
    startup_stm32f103xe.s                    0x00000000   Number         0  startup_stm32f103xe.o ABSOLUTE
    RESET                                    0x08000000   Section      304  startup_stm32f103xe.o(RESET)
    .ARM.Collect$$$$00000000                 0x08000130   Section        0  entry.o(.ARM.Collect$$$$00000000)
    .ARM.Collect$$$$00000001                 0x08000130   Section        4  entry2.o(.ARM.Collect$$$$00000001)
    .ARM.Collect$$$$00000004                 0x08000134   Section        4  entry5.o(.ARM.Collect$$$$00000004)
    .ARM.Collect$$$$00000008                 0x08000138   Section        0  entry7b.o(.ARM.Collect$$$$00000008)
    .ARM.Collect$$$$0000000A                 0x08000138   Section        0  entry8b.o(.ARM.Collect$$$$0000000A)
    .ARM.Collect$$$$0000000B                 0x08000138   Section        8  entry9a.o(.ARM.Collect$$$$0000000B)
    .ARM.Collect$$$$0000000D                 0x08000140   Section        0  entry10a.o(.ARM.Collect$$$$0000000D)
    .ARM.Collect$$$$0000000F                 0x08000140   Section        0  entry11a.o(.ARM.Collect$$$$0000000F)
    .ARM.Collect$$$$00002712                 0x08000140   Section        4  entry2.o(.ARM.Collect$$$$00002712)
    __lit__00000000                          0x08000140   Data           4  entry2.o(.ARM.Collect$$$$00002712)
    .emb_text                                0x08000144   Section      162  port.o(.emb_text)
    .text                                    0x080001e8   Section       36  startup_stm32f103xe.o(.text)
    .text                                    0x0800020c   Section        0  memcpya.o(.text)
    .text                                    0x08000230   Section        0  memseta.o(.text)
    .text                                    0x08000254   Section        0  strlen.o(.text)
    .text                                    0x08000262   Section        0  uidiv.o(.text)
    .text                                    0x08000290   Section       36  init.o(.text)
    i.BusFault_Handler                       0x080002b4   Section        0  stm32f1xx_it.o(i.BusFault_Handler)
    i.DebugMon_Handler                       0x080002b6   Section        0  stm32f1xx_it.o(i.DebugMon_Handler)
    i.FSMC_LCD_Write_Register                0x080002b8   Section        0  tft.o(i.FSMC_LCD_Write_Register)
    i.FSMC_NORSRAM_Extended_Timing_Init      0x080002c8   Section        0  stm32f1xx_ll_fsmc.o(i.FSMC_NORSRAM_Extended_Timing_Init)
    i.FSMC_NORSRAM_Init                      0x0800032c   Section        0  stm32f1xx_ll_fsmc.o(i.FSMC_NORSRAM_Init)
    i.FSMC_NORSRAM_Timing_Init               0x080003c4   Section        0  stm32f1xx_ll_fsmc.o(i.FSMC_NORSRAM_Timing_Init)
    i.HAL_Delay                              0x0800043a   Section        0  stm32f1xx_hal.o(i.HAL_Delay)
    i.HAL_GPIO_Init                          0x08000450   Section        0  stm32f1xx_hal_gpio.o(i.HAL_GPIO_Init)
    i.HAL_GPIO_WritePin                      0x08000638   Section        0  stm32f1xx_hal_gpio.o(i.HAL_GPIO_WritePin)
    i.HAL_GetTick                            0x08000644   Section        0  stm32f1xx_hal.o(i.HAL_GetTick)
    i.HAL_IncTick                            0x08000650   Section        0  stm32f1xx_hal.o(i.HAL_IncTick)
    i.HAL_Init                               0x08000660   Section        0  stm32f1xx_hal.o(i.HAL_Init)
    i.HAL_InitTick                           0x08000684   Section        0  stm32f1xx_hal_timebase_tim.o(i.HAL_InitTick)
    i.HAL_MspInit                            0x080006f8   Section        0  stm32f1xx_hal_msp.o(i.HAL_MspInit)
    i.HAL_NVIC_EnableIRQ                     0x08000754   Section        0  stm32f1xx_hal_cortex.o(i.HAL_NVIC_EnableIRQ)
    i.HAL_NVIC_SetPriority                   0x0800076c   Section        0  stm32f1xx_hal_cortex.o(i.HAL_NVIC_SetPriority)
    i.HAL_NVIC_SetPriorityGrouping           0x080007ac   Section        0  stm32f1xx_hal_cortex.o(i.HAL_NVIC_SetPriorityGrouping)
    i.HAL_PWR_EnableBkUpAccess               0x080007d0   Section        0  stm32f1xx_hal_pwr.o(i.HAL_PWR_EnableBkUpAccess)
    i.HAL_RCCEx_GetPeriphCLKFreq             0x080007e8   Section        0  stm32f1xx_hal_rcc_ex.o(i.HAL_RCCEx_GetPeriphCLKFreq)
    i.HAL_RCCEx_PeriphCLKConfig              0x080008e8   Section        0  stm32f1xx_hal_rcc_ex.o(i.HAL_RCCEx_PeriphCLKConfig)
    i.HAL_RCC_ClockConfig                    0x08000a10   Section        0  stm32f1xx_hal_rcc.o(i.HAL_RCC_ClockConfig)
    i.HAL_RCC_GetClockConfig                 0x08000c98   Section        0  stm32f1xx_hal_rcc.o(i.HAL_RCC_GetClockConfig)
    i.HAL_RCC_GetHCLKFreq                    0x08000cd8   Section        0  stm32f1xx_hal_rcc.o(i.HAL_RCC_GetHCLKFreq)
    i.HAL_RCC_GetPCLK1Freq                   0x08000d0c   Section        0  stm32f1xx_hal_rcc.o(i.HAL_RCC_GetPCLK1Freq)
    i.HAL_RCC_GetPCLK2Freq                   0x08000d38   Section        0  stm32f1xx_hal_rcc.o(i.HAL_RCC_GetPCLK2Freq)
    i.HAL_RCC_GetSysClockFreq                0x08000d64   Section        0  stm32f1xx_hal_rcc.o(i.HAL_RCC_GetSysClockFreq)
    i.HAL_RCC_OscConfig                      0x08000dec   Section        0  stm32f1xx_hal_rcc.o(i.HAL_RCC_OscConfig)
    i.HAL_RTCEx_RTCEventCallback             0x0800141e   Section        0  stm32f1xx_hal_rtc_ex.o(i.HAL_RTCEx_RTCEventCallback)
    i.HAL_RTCEx_RTCEventErrorCallback        0x08001420   Section        0  stm32f1xx_hal_rtc_ex.o(i.HAL_RTCEx_RTCEventErrorCallback)
    i.HAL_RTCEx_RTCIRQHandler                0x08001422   Section        0  stm32f1xx_hal_rtc_ex.o(i.HAL_RTCEx_RTCIRQHandler)
    i.HAL_RTC_GetDate                        0x0800145e   Section        0  stm32f1xx_hal_rtc.o(i.HAL_RTC_GetDate)
    i.HAL_RTC_GetTime                        0x080014ac   Section        0  stm32f1xx_hal_rtc.o(i.HAL_RTC_GetTime)
    i.HAL_RTC_Init                           0x08001570   Section        0  stm32f1xx_hal_rtc.o(i.HAL_RTC_Init)
    i.HAL_RTC_MspInit                        0x08001610   Section        0  stm32f1xx_hal_msp.o(i.HAL_RTC_MspInit)
    i.HAL_RTC_SetDate                        0x08001668   Section        0  stm32f1xx_hal_rtc.o(i.HAL_RTC_SetDate)
    i.HAL_RTC_SetTime                        0x0800172c   Section        0  stm32f1xx_hal_rtc.o(i.HAL_RTC_SetTime)
    i.HAL_RTC_WaitForSynchro                 0x080017d8   Section        0  stm32f1xx_hal_rtc.o(i.HAL_RTC_WaitForSynchro)
    i.HAL_SD_Get_CardInfo                    0x08001812   Section        0  stm32f1xx_hal_sd.o(i.HAL_SD_Get_CardInfo)
    i.HAL_SD_IRQHandler                      0x08001aca   Section        0  stm32f1xx_hal_sd.o(i.HAL_SD_IRQHandler)
    i.HAL_SD_Init                            0x08001b46   Section        0  stm32f1xx_hal_sd.o(i.HAL_SD_Init)
    i.HAL_SD_MspInit                         0x08001c04   Section        0  stm32f1xx_hal_msp.o(i.HAL_SD_MspInit)
    i.HAL_SD_WideBusOperation_Config         0x08001c6c   Section        0  stm32f1xx_hal_sd.o(i.HAL_SD_WideBusOperation_Config)
    i.HAL_SD_XferCpltCallback                0x08001cec   Section        0  stm32f1xx_hal_sd.o(i.HAL_SD_XferCpltCallback)
    i.HAL_SD_XferErrorCallback               0x08001cee   Section        0  stm32f1xx_hal_sd.o(i.HAL_SD_XferErrorCallback)
    i.HAL_SRAM_Init                          0x08001cf0   Section        0  stm32f1xx_hal_sram.o(i.HAL_SRAM_Init)
    i.HAL_SRAM_MspInit                       0x08001d48   Section        0  stm32f1xx_hal_msp.o(i.HAL_SRAM_MspInit)
    i.HAL_SYSTICK_CLKSourceConfig            0x08001da8   Section        0  stm32f1xx_hal_cortex.o(i.HAL_SYSTICK_CLKSourceConfig)
    i.HAL_SYSTICK_Config                     0x08001dc0   Section        0  stm32f1xx_hal_cortex.o(i.HAL_SYSTICK_Config)
    i.HAL_TIMEx_BreakCallback                0x08001de8   Section        0  stm32f1xx_hal_tim_ex.o(i.HAL_TIMEx_BreakCallback)
    i.HAL_TIMEx_CommutationCallback          0x08001dea   Section        0  stm32f1xx_hal_tim_ex.o(i.HAL_TIMEx_CommutationCallback)
    i.HAL_TIM_Base_Init                      0x08001dec   Section        0  stm32f1xx_hal_tim.o(i.HAL_TIM_Base_Init)
    i.HAL_TIM_Base_MspInit                   0x08001e22   Section        0  stm32f1xx_hal_tim.o(i.HAL_TIM_Base_MspInit)
    i.HAL_TIM_Base_Start_IT                  0x08001e24   Section        0  stm32f1xx_hal_tim.o(i.HAL_TIM_Base_Start_IT)
    i.HAL_TIM_IC_CaptureCallback             0x08001e3c   Section        0  stm32f1xx_hal_tim.o(i.HAL_TIM_IC_CaptureCallback)
    i.HAL_TIM_IRQHandler                     0x08001e3e   Section        0  stm32f1xx_hal_tim.o(i.HAL_TIM_IRQHandler)
    i.HAL_TIM_OC_DelayElapsedCallback        0x08001fa4   Section        0  stm32f1xx_hal_tim.o(i.HAL_TIM_OC_DelayElapsedCallback)
    i.HAL_TIM_PWM_PulseFinishedCallback      0x08001fa6   Section        0  stm32f1xx_hal_tim.o(i.HAL_TIM_PWM_PulseFinishedCallback)
    i.HAL_TIM_PeriodElapsedCallback          0x08001fa8   Section        0  stm32f1xx_hal_timebase_tim.o(i.HAL_TIM_PeriodElapsedCallback)
    i.HAL_TIM_TriggerCallback                0x08001fac   Section        0  stm32f1xx_hal_tim.o(i.HAL_TIM_TriggerCallback)
    i.HAL_UART_ErrorCallback                 0x08001fae   Section        0  stm32f1xx_hal_uart.o(i.HAL_UART_ErrorCallback)
    i.HAL_UART_IRQHandler                    0x08001fb0   Section        0  stm32f1xx_hal_uart.o(i.HAL_UART_IRQHandler)
    i.HAL_UART_Init                          0x0800208a   Section        0  stm32f1xx_hal_uart.o(i.HAL_UART_Init)
    i.HAL_UART_MspInit                       0x080020e8   Section        0  stm32f1xx_hal_msp.o(i.HAL_UART_MspInit)
    i.HAL_UART_RxCpltCallback                0x08002150   Section        0  stm32f1xx_hal_uart.o(i.HAL_UART_RxCpltCallback)
    i.HAL_UART_Transmit                      0x08002154   Section        0  stm32f1xx_hal_uart.o(i.HAL_UART_Transmit)
    i.HAL_UART_TxCpltCallback                0x08002220   Section        0  stm32f1xx_hal_uart.o(i.HAL_UART_TxCpltCallback)
    i.HardFault_Handler                      0x08002222   Section        0  stm32f1xx_it.o(i.HardFault_Handler)
    i.LCD_BACKLIGHT_ON                       0x08002224   Section        0  tft.o(i.LCD_BACKLIGHT_ON)
    i.LCD_Clear                              0x08002234   Section        0  tft.o(i.LCD_Clear)
    i.LCD_SetArea                            0x08002264   Section        0  tft.o(i.LCD_SetArea)
    i.LCD_SetCursor                          0x0800228c   Section        0  tft.o(i.LCD_SetCursor)
    i.LCD_WriteChar5x7                       0x080022ac   Section        0  tft.o(i.LCD_WriteChar5x7)
    i.LCD_WriteString_5x7                    0x080023c0   Section        0  tft.o(i.LCD_WriteString_5x7)
    i.MX_FSMC_Init                           0x08002408   Section        0  main.o(i.MX_FSMC_Init)
    MX_FSMC_Init                             0x08002409   Thumb Code    92  main.o(i.MX_FSMC_Init)
    i.MX_GPIO_Init                           0x08002470   Section        0  main.o(i.MX_GPIO_Init)
    MX_GPIO_Init                             0x08002471   Thumb Code   122  main.o(i.MX_GPIO_Init)
    i.MemManage_Handler                      0x080024f4   Section        0  stm32f1xx_it.o(i.MemManage_Handler)
    i.NMI_Handler                            0x080024f6   Section        0  stm32f1xx_it.o(i.NMI_Handler)
    i.NVIC_SetPriority                       0x080024f8   Section        0  stm32f1xx_hal_cortex.o(i.NVIC_SetPriority)
    NVIC_SetPriority                         0x080024f9   Thumb Code    32  stm32f1xx_hal_cortex.o(i.NVIC_SetPriority)
    i.RTC_Bcd2ToByte                         0x08002518   Section        0  stm32f1xx_hal_rtc.o(i.RTC_Bcd2ToByte)
    RTC_Bcd2ToByte                           0x08002519   Thumb Code    18  stm32f1xx_hal_rtc.o(i.RTC_Bcd2ToByte)
    i.RTC_ByteToBcd2                         0x0800252a   Section        0  stm32f1xx_hal_rtc.o(i.RTC_ByteToBcd2)
    RTC_ByteToBcd2                           0x0800252b   Thumb Code    22  stm32f1xx_hal_rtc.o(i.RTC_ByteToBcd2)
    i.RTC_DateUpdate                         0x08002540   Section        0  stm32f1xx_hal_rtc.o(i.RTC_DateUpdate)
    RTC_DateUpdate                           0x08002541   Thumb Code   174  stm32f1xx_hal_rtc.o(i.RTC_DateUpdate)
    i.RTC_EnterInitMode                      0x080025ee   Section        0  stm32f1xx_hal_rtc.o(i.RTC_EnterInitMode)
    RTC_EnterInitMode                        0x080025ef   Thumb Code    52  stm32f1xx_hal_rtc.o(i.RTC_EnterInitMode)
    i.RTC_ExitInitMode                       0x08002624   Section        0  stm32f1xx_hal_rtc.o(i.RTC_ExitInitMode)
    RTC_ExitInitMode                         0x08002625   Thumb Code    54  stm32f1xx_hal_rtc.o(i.RTC_ExitInitMode)
    i.RTC_IRQHandler                         0x0800265c   Section        0  stm32f1xx_it.o(i.RTC_IRQHandler)
    i.RTC_ReadAlarmCounter                   0x08002668   Section        0  stm32f1xx_hal_rtc.o(i.RTC_ReadAlarmCounter)
    RTC_ReadAlarmCounter                     0x08002669   Thumb Code    14  stm32f1xx_hal_rtc.o(i.RTC_ReadAlarmCounter)
    i.RTC_ReadTimeCounter                    0x08002676   Section        0  stm32f1xx_hal_rtc.o(i.RTC_ReadTimeCounter)
    RTC_ReadTimeCounter                      0x08002677   Thumb Code    32  stm32f1xx_hal_rtc.o(i.RTC_ReadTimeCounter)
    i.RTC_WeekDayNum                         0x08002696   Section        0  stm32f1xx_hal_rtc.o(i.RTC_WeekDayNum)
    RTC_WeekDayNum                           0x08002697   Thumb Code    88  stm32f1xx_hal_rtc.o(i.RTC_WeekDayNum)
    i.RTC_WriteAlarmCounter                  0x080026ee   Section        0  stm32f1xx_hal_rtc.o(i.RTC_WriteAlarmCounter)
    RTC_WriteAlarmCounter                    0x080026ef   Thumb Code    40  stm32f1xx_hal_rtc.o(i.RTC_WriteAlarmCounter)
    i.RTC_WriteTimeCounter                   0x08002716   Section        0  stm32f1xx_hal_rtc.o(i.RTC_WriteTimeCounter)
    RTC_WriteTimeCounter                     0x08002717   Thumb Code    40  stm32f1xx_hal_rtc.o(i.RTC_WriteTimeCounter)
    i.SDIO_DataConfig                        0x0800273e   Section        0  stm32f1xx_ll_sdmmc.o(i.SDIO_DataConfig)
    i.SDIO_GetCommandResponse                0x08002762   Section        0  stm32f1xx_ll_sdmmc.o(i.SDIO_GetCommandResponse)
    i.SDIO_GetPowerState                     0x08002768   Section        0  stm32f1xx_ll_sdmmc.o(i.SDIO_GetPowerState)
    i.SDIO_GetResponse                       0x08002770   Section        0  stm32f1xx_ll_sdmmc.o(i.SDIO_GetResponse)
    i.SDIO_IRQHandler                        0x08002780   Section        0  stm32f1xx_it.o(i.SDIO_IRQHandler)
    i.SDIO_Init                              0x0800278c   Section        0  stm32f1xx_ll_sdmmc.o(i.SDIO_Init)
    i.SDIO_PowerState_ON                     0x080027b0   Section        0  stm32f1xx_ll_sdmmc.o(i.SDIO_PowerState_ON)
    i.SDIO_ReadFIFO                          0x080027b8   Section        0  stm32f1xx_ll_sdmmc.o(i.SDIO_ReadFIFO)
    i.SDIO_SendCommand                       0x080027be   Section        0  stm32f1xx_ll_sdmmc.o(i.SDIO_SendCommand)
    i.SD_CmdResp1Error                       0x080027e0   Section        0  stm32f1xx_hal_sd.o(i.SD_CmdResp1Error)
    SD_CmdResp1Error                         0x080027e1   Thumb Code   232  stm32f1xx_hal_sd.o(i.SD_CmdResp1Error)
    i.SD_CmdResp2Error                       0x080028cc   Section        0  stm32f1xx_hal_sd.o(i.SD_CmdResp2Error)
    SD_CmdResp2Error                         0x080028cd   Thumb Code    46  stm32f1xx_hal_sd.o(i.SD_CmdResp2Error)
    i.SD_CmdResp6Error                       0x080028fa   Section        0  stm32f1xx_hal_sd.o(i.SD_CmdResp6Error)
    SD_CmdResp6Error                         0x080028fb   Thumb Code   116  stm32f1xx_hal_sd.o(i.SD_CmdResp6Error)
    i.SD_CmdResp7Error                       0x0800296e   Section        0  stm32f1xx_hal_sd.o(i.SD_CmdResp7Error)
    SD_CmdResp7Error                         0x0800296f   Thumb Code    64  stm32f1xx_hal_sd.o(i.SD_CmdResp7Error)
    i.SD_FindSCR                             0x080029ae   Section        0  stm32f1xx_hal_sd.o(i.SD_FindSCR)
    SD_FindSCR                               0x080029af   Thumb Code   282  stm32f1xx_hal_sd.o(i.SD_FindSCR)
    i.SD_Initialize_Cards                    0x08002ac8   Section        0  stm32f1xx_hal_sd.o(i.SD_Initialize_Cards)
    SD_Initialize_Cards                      0x08002ac9   Thumb Code   250  stm32f1xx_hal_sd.o(i.SD_Initialize_Cards)
    i.SD_PowerON                             0x08002bc4   Section        0  stm32f1xx_hal_sd.o(i.SD_PowerON)
    SD_PowerON                               0x08002bc5   Thumb Code   392  stm32f1xx_hal_sd.o(i.SD_PowerON)
    i.SD_WideBus_Disable                     0x08002d50   Section        0  stm32f1xx_hal_sd.o(i.SD_WideBus_Disable)
    SD_WideBus_Disable                       0x08002d51   Thumb Code   124  stm32f1xx_hal_sd.o(i.SD_WideBus_Disable)
    i.SD_WideBus_Enable                      0x08002dcc   Section        0  stm32f1xx_hal_sd.o(i.SD_WideBus_Enable)
    SD_WideBus_Enable                        0x08002dcd   Thumb Code   126  stm32f1xx_hal_sd.o(i.SD_WideBus_Enable)
    i.SSD1289_Init                           0x08002e4a   Section        0  tft.o(i.SSD1289_Init)
    i.StartDefaultTask                       0x08002f0c   Section        0  main.o(i.StartDefaultTask)
    i.StartTaskTFT                           0x08002f9c   Section        0  main.o(i.StartTaskTFT)
    i.SysTick_Handler                        0x080030ac   Section        0  stm32f1xx_it.o(i.SysTick_Handler)
    i.SystemClock_Config                     0x080030b0   Section        0  main.o(i.SystemClock_Config)
    i.SystemInit                             0x08003120   Section        0  system_stm32f1xx.o(i.SystemInit)
    i.TIM7_IRQHandler                        0x08003168   Section        0  stm32f1xx_it.o(i.TIM7_IRQHandler)
    i.TIM_Base_SetConfig                     0x08003174   Section        0  stm32f1xx_hal_tim.o(i.TIM_Base_SetConfig)
    i.UART_Receive_IT                        0x080031f8   Section        0  stm32f1xx_hal_uart.o(i.UART_Receive_IT)
    UART_Receive_IT                          0x080031f9   Thumb Code   168  stm32f1xx_hal_uart.o(i.UART_Receive_IT)
    i.UART_SetConfig                         0x080032a0   Section        0  stm32f1xx_hal_uart.o(i.UART_SetConfig)
    UART_SetConfig                           0x080032a1   Thumb Code   220  stm32f1xx_hal_uart.o(i.UART_SetConfig)
    i.UART_Transmit_IT                       0x08003380   Section        0  stm32f1xx_hal_uart.o(i.UART_Transmit_IT)
    UART_Transmit_IT                         0x08003381   Thumb Code   102  stm32f1xx_hal_uart.o(i.UART_Transmit_IT)
    i.UART_WaitOnFlagUntilTimeout            0x080033e6   Section        0  stm32f1xx_hal_uart.o(i.UART_WaitOnFlagUntilTimeout)
    UART_WaitOnFlagUntilTimeout              0x080033e7   Thumb Code   146  stm32f1xx_hal_uart.o(i.UART_WaitOnFlagUntilTimeout)
    i.USART1_IRQHandler                      0x08003478   Section        0  stm32f1xx_it.o(i.USART1_IRQHandler)
    i.UsageFault_Handler                     0x08003484   Section        0  stm32f1xx_it.o(i.UsageFault_Handler)
    i.__0sprintf$6                           0x08003488   Section        0  printf6.o(i.__0sprintf$6)
    i.__scatterload_copy                     0x080034b0   Section       14  handlers.o(i.__scatterload_copy)
    i.__scatterload_null                     0x080034be   Section        2  handlers.o(i.__scatterload_null)
    i.__scatterload_zeroinit                 0x080034c0   Section       14  handlers.o(i.__scatterload_zeroinit)
    i._printf_core                           0x080034d0   Section        0  printf6.o(i._printf_core)
    _printf_core                             0x080034d1   Thumb Code   748  printf6.o(i._printf_core)
    i._printf_post_padding                   0x080037c0   Section        0  printf6.o(i._printf_post_padding)
    _printf_post_padding                     0x080037c1   Thumb Code    36  printf6.o(i._printf_post_padding)
    i._printf_pre_padding                    0x080037e4   Section        0  printf6.o(i._printf_pre_padding)
    _printf_pre_padding                      0x080037e5   Thumb Code    46  printf6.o(i._printf_pre_padding)
    i._sputc                                 0x08003812   Section        0  printf6.o(i._sputc)
    _sputc                                   0x08003813   Thumb Code    10  printf6.o(i._sputc)
    i.main                                   0x0800381c   Section        0  main.o(i.main)
    i.makeFreeRtosPriority                   0x08003908   Section        0  cmsis_os.o(i.makeFreeRtosPriority)
    makeFreeRtosPriority                     0x08003909   Thumb Code    12  cmsis_os.o(i.makeFreeRtosPriority)
    i.osDelay                                0x08003914   Section        0  cmsis_os.o(i.osDelay)
    i.osKernelStart                          0x08003922   Section        0  cmsis_os.o(i.osKernelStart)
    i.osSystickHandler                       0x0800392c   Section        0  cmsis_os.o(i.osSystickHandler)
    i.osThreadCreate                         0x08003940   Section        0  cmsis_os.o(i.osThreadCreate)
    i.prvAddCurrentTaskToDelayedList         0x08003978   Section        0  tasks.o(i.prvAddCurrentTaskToDelayedList)
    prvAddCurrentTaskToDelayedList           0x08003979   Thumb Code    48  tasks.o(i.prvAddCurrentTaskToDelayedList)
    i.prvCheckTasksWaitingTermination        0x080039ac   Section        0  tasks.o(i.prvCheckTasksWaitingTermination)
    prvCheckTasksWaitingTermination          0x080039ad   Thumb Code    76  tasks.o(i.prvCheckTasksWaitingTermination)
    i.prvHeapInit                            0x08003a00   Section        0  heap_4.o(i.prvHeapInit)
    prvHeapInit                              0x08003a01   Thumb Code    66  heap_4.o(i.prvHeapInit)
    i.prvIdleTask                            0x08003a4c   Section        0  tasks.o(i.prvIdleTask)
    prvIdleTask                              0x08003a4d   Thumb Code    20  tasks.o(i.prvIdleTask)
    i.prvInsertBlockIntoFreeList             0x08003a64   Section        0  heap_4.o(i.prvInsertBlockIntoFreeList)
    prvInsertBlockIntoFreeList               0x08003a65   Thumb Code    72  heap_4.o(i.prvInsertBlockIntoFreeList)
    i.prvResetNextTaskUnblockTime            0x08003ab0   Section        0  tasks.o(i.prvResetNextTaskUnblockTime)
    prvResetNextTaskUnblockTime              0x08003ab1   Thumb Code    26  tasks.o(i.prvResetNextTaskUnblockTime)
    i.prvTaskExitError                       0x08003ad0   Section        0  port.o(i.prvTaskExitError)
    prvTaskExitError                         0x08003ad1   Thumb Code    20  port.o(i.prvTaskExitError)
    i.pvPortMalloc                           0x08003ae8   Section        0  heap_4.o(i.pvPortMalloc)
    i.pxPortInitialiseStack                  0x08003ba4   Section        0  port.o(i.pxPortInitialiseStack)
    i.uxListRemove                           0x08003bc4   Section        0  list.o(i.uxListRemove)
    i.vListInitialise                        0x08003be8   Section        0  list.o(i.vListInitialise)
    i.vListInitialiseItem                    0x08003bfe   Section        0  list.o(i.vListInitialiseItem)
    i.vListInsert                            0x08003c04   Section        0  list.o(i.vListInsert)
    i.vListInsertEnd                         0x08003c34   Section        0  list.o(i.vListInsertEnd)
    i.vPortEnterCritical                     0x08003c4c   Section        0  port.o(i.vPortEnterCritical)
    i.vPortExitCritical                      0x08003c80   Section        0  port.o(i.vPortExitCritical)
    i.vPortFree                              0x08003ca4   Section        0  heap_4.o(i.vPortFree)
    i.vPortSetupTimerInterrupt               0x08003cec   Section        0  port.o(i.vPortSetupTimerInterrupt)
    i.vPortYield                             0x08003d0c   Section        0  port.o(i.vPortYield)
    i.vTaskDelay                             0x08003d24   Section        0  tasks.o(i.vTaskDelay)
    i.vTaskStartScheduler                    0x08003d74   Section        0  tasks.o(i.vTaskStartScheduler)
    i.vTaskSuspendAll                        0x08003dc0   Section        0  tasks.o(i.vTaskSuspendAll)
    i.vTaskSwitchContext                     0x08003dd0   Section        0  tasks.o(i.vTaskSwitchContext)
    i.xPortStartScheduler                    0x08003e24   Section        0  port.o(i.xPortStartScheduler)
    i.xPortSysTickHandler                    0x08003e98   Section        0  port.o(i.xPortSysTickHandler)
    i.xTaskGenericCreate                     0x08003ebc   Section        0  tasks.o(i.xTaskGenericCreate)
    i.xTaskGetSchedulerState                 0x08004048   Section        0  tasks.o(i.xTaskGetSchedulerState)
    i.xTaskIncrementTick                     0x08004064   Section        0  tasks.o(i.xTaskIncrementTick)
    i.xTaskResumeAll                         0x08004124   Section        0  tasks.o(i.xTaskResumeAll)
    .constdata                               0x080041d0   Section       40  main.o(.constdata)
    .constdata                               0x080041f8   Section      475  tft.o(.constdata)
    .constdata                               0x080043d3   Section       16  stm32f1xx_hal_rcc.o(.constdata)
    .conststring                             0x080043e4   Section       20  main.o(.conststring)
    .data                                    0x20000000   Section       56  tasks.o(.data)
    uxTasksDeleted                           0x20000004   Data           4  tasks.o(.data)
    uxCurrentNumberOfTasks                   0x20000008   Data           4  tasks.o(.data)
    xTickCount                               0x2000000c   Data           4  tasks.o(.data)
    uxTopReadyPriority                       0x20000010   Data           4  tasks.o(.data)
    xSchedulerRunning                        0x20000014   Data           4  tasks.o(.data)
    uxPendedTicks                            0x20000018   Data           4  tasks.o(.data)
    xYieldPending                            0x2000001c   Data           4  tasks.o(.data)
    xNumOfOverflows                          0x20000020   Data           4  tasks.o(.data)
    uxTaskNumber                             0x20000024   Data           4  tasks.o(.data)
    xNextTaskUnblockTime                     0x20000028   Data           4  tasks.o(.data)
    uxSchedulerSuspended                     0x2000002c   Data           4  tasks.o(.data)
    pxDelayedTaskList                        0x20000030   Data           4  tasks.o(.data)
    pxOverflowDelayedTaskList                0x20000034   Data           4  tasks.o(.data)
    .data                                    0x20000038   Section       12  port.o(.data)
    ucMaxSysCallPriority                     0x20000038   Data           1  port.o(.data)
    uxCriticalNesting                        0x2000003c   Data           4  port.o(.data)
    ulMaxPRIGROUPValue                       0x20000040   Data           4  port.o(.data)
    .data                                    0x20000044   Section       24  heap_4.o(.data)
    pxEnd                                    0x20000044   Data           4  heap_4.o(.data)
    xFreeBytesRemaining                      0x20000048   Data           4  heap_4.o(.data)
    xMinimumEverFreeBytesRemaining           0x2000004c   Data           4  heap_4.o(.data)
    xBlockAllocatedBit                       0x20000050   Data           4  heap_4.o(.data)
    xStart                                   0x20000054   Data           8  heap_4.o(.data)
    .data                                    0x2000005c   Section        8  stm32f1xx_hal_msp.o(.data)
    FSMC_Initialized                         0x2000005c   Data           4  stm32f1xx_hal_msp.o(.data)
    FSMC_DeInitialized                       0x20000060   Data           4  stm32f1xx_hal_msp.o(.data)
    .data                                    0x20000064   Section       24  main.o(.data)
    sTime                                    0x20000064   Data           3  main.o(.data)
    sTime                                    0x20000067   Data           3  main.o(.data)
    sDate                                    0x2000006a   Data           4  main.o(.data)
    sDate                                    0x2000006e   Data           4  main.o(.data)
    .data                                    0x2000007c   Section        4  system_stm32f1xx.o(.data)
    .data                                    0x20000080   Section        4  stm32f1xx_hal.o(.data)
    uwTick                                   0x20000080   Data           4  stm32f1xx_hal.o(.data)
    .bss                                     0x20000084   Section      240  tasks.o(.bss)
    pxReadyTasksLists                        0x20000084   Data         140  tasks.o(.bss)
    xDelayedTaskList1                        0x20000110   Data          20  tasks.o(.bss)
    xDelayedTaskList2                        0x20000124   Data          20  tasks.o(.bss)
    xPendingReadyList                        0x20000138   Data          20  tasks.o(.bss)
    xTasksWaitingTermination                 0x2000014c   Data          20  tasks.o(.bss)
    xSuspendedTaskList                       0x20000160   Data          20  tasks.o(.bss)
    .bss                                     0x20000174   Section     3072  heap_4.o(.bss)
    ucHeap                                   0x20000174   Data        3072  heap_4.o(.bss)
    .bss                                     0x20000d74   Section       60  stm32f1xx_hal_timebase_tim.o(.bss)
    .bss                                     0x20000db0   Section      596  main.o(.bss)
    buf                                      0x20000db0   Data         255  main.o(.bss)
    STACK                                    0x20001008   Section     1024  startup_stm32f103xe.o(STACK)

    Global Symbols

    Symbol Name                              Value     Ov Type        Size  Object(Section)

    BuildAttributes$$THM_ISAv4$P$D$K$B$S$PE$A:L22UL41UL21$X:L11$S22US41US21$IEEE1$IW$USESV6$~STKCKD$USESV7$~SHL$OSPACE$ROPI$EBA8$MICROLIB$REQ8$PRES8$EABIv2 0x00000000   Number         0  anon$$obj.o ABSOLUTE
    __ARM_use_no_argv                        0x00000000   Number         0  main.o ABSOLUTE
    _printf_a                                0x00000000   Number         0  stubs.o ABSOLUTE
    _printf_c                                0x00000000   Number         0  stubs.o ABSOLUTE
    _printf_charcount                        0x00000000   Number         0  stubs.o ABSOLUTE
    _printf_d                                0x00000000   Number         0  stubs.o ABSOLUTE
    _printf_e                                0x00000000   Number         0  stubs.o ABSOLUTE
    _printf_f                                0x00000000   Number         0  stubs.o ABSOLUTE
    _printf_flags                            0x00000000   Number         0  stubs.o ABSOLUTE
    _printf_fp_dec                           0x00000000   Number         0  stubs.o ABSOLUTE
    _printf_fp_hex                           0x00000000   Number         0  stubs.o ABSOLUTE
    _printf_g                                0x00000000   Number         0  stubs.o ABSOLUTE
    _printf_i                                0x00000000   Number         0  stubs.o ABSOLUTE
    _printf_int_dec                          0x00000000   Number         0  stubs.o ABSOLUTE
    _printf_l                                0x00000000   Number         0  stubs.o ABSOLUTE
    _printf_lc                               0x00000000   Number         0  stubs.o ABSOLUTE
    _printf_ll                               0x00000000   Number         0  stubs.o ABSOLUTE
    _printf_lld                              0x00000000   Number         0  stubs.o ABSOLUTE
    _printf_lli                              0x00000000   Number         0  stubs.o ABSOLUTE
    _printf_llo                              0x00000000   Number         0  stubs.o ABSOLUTE
    _printf_llu                              0x00000000   Number         0  stubs.o ABSOLUTE
    _printf_llx                              0x00000000   Number         0  stubs.o ABSOLUTE
    _printf_longlong_dec                     0x00000000   Number         0  stubs.o ABSOLUTE
    _printf_longlong_hex                     0x00000000   Number         0  stubs.o ABSOLUTE
    _printf_longlong_oct                     0x00000000   Number         0  stubs.o ABSOLUTE
    _printf_ls                               0x00000000   Number         0  stubs.o ABSOLUTE
    _printf_mbtowc                           0x00000000   Number         0  stubs.o ABSOLUTE
    _printf_n                                0x00000000   Number         0  stubs.o ABSOLUTE
    _printf_o                                0x00000000   Number         0  stubs.o ABSOLUTE
    _printf_p                                0x00000000   Number         0  stubs.o ABSOLUTE
    _printf_percent                          0x00000000   Number         0  stubs.o ABSOLUTE
    _printf_pre_padding                      0x00000000   Number         0  stubs.o ABSOLUTE
    _printf_return_value                     0x00000000   Number         0  stubs.o ABSOLUTE
    _printf_s                                0x00000000   Number         0  stubs.o ABSOLUTE
    _printf_sizespec                         0x00000000   Number         0  stubs.o ABSOLUTE
    _printf_str                              0x00000000   Number         0  stubs.o ABSOLUTE
    _printf_truncate_signed                  0x00000000   Number         0  stubs.o ABSOLUTE
    _printf_truncate_unsigned                0x00000000   Number         0  stubs.o ABSOLUTE
    _printf_u                                0x00000000   Number         0  stubs.o ABSOLUTE
    _printf_wc                               0x00000000   Number         0  stubs.o ABSOLUTE
    _printf_wctomb                           0x00000000   Number         0  stubs.o ABSOLUTE
    _printf_widthprec                        0x00000000   Number         0  stubs.o ABSOLUTE
    _printf_x                                0x00000000   Number         0  stubs.o ABSOLUTE
    __cpp_initialize__aeabi_                  - Undefined Weak Reference
    __cxa_finalize                            - Undefined Weak Reference
    __decompress                              - Undefined Weak Reference
    _clock_init                               - Undefined Weak Reference
    _microlib_exit                            - Undefined Weak Reference
    __Vectors_Size                           0x00000130   Number         0  startup_stm32f103xe.o ABSOLUTE
    __Vectors                                0x08000000   Data           4  startup_stm32f103xe.o(RESET)
    __Vectors_End                            0x08000130   Data           0  startup_stm32f103xe.o(RESET)
    __main                                   0x08000131   Thumb Code     0  entry.o(.ARM.Collect$$$$00000000)
    _main_stk                                0x08000131   Thumb Code     0  entry2.o(.ARM.Collect$$$$00000001)
    _main_scatterload                        0x08000135   Thumb Code     0  entry5.o(.ARM.Collect$$$$00000004)
    __main_after_scatterload                 0x08000139   Thumb Code     0  entry5.o(.ARM.Collect$$$$00000004)
    _main_clock                              0x08000139   Thumb Code     0  entry7b.o(.ARM.Collect$$$$00000008)
    _main_cpp_init                           0x08000139   Thumb Code     0  entry8b.o(.ARM.Collect$$$$0000000A)
    _main_init                               0x08000139   Thumb Code     0  entry9a.o(.ARM.Collect$$$$0000000B)
    __rt_final_cpp                           0x08000141   Thumb Code     0  entry10a.o(.ARM.Collect$$$$0000000D)
    __rt_final_exit                          0x08000141   Thumb Code     0  entry11a.o(.ARM.Collect$$$$0000000F)
    SVC_Handler                              0x08000145   Thumb Code    32  port.o(.emb_text)
    __asm___6_port_c_39a90d8d__prvStartFirstTask 0x08000169   Thumb Code    28  port.o(.emb_text)
    PendSV_Handler                           0x08000189   Thumb Code    64  port.o(.emb_text)
    ulPortSetInterruptMask                   0x080001cd   Thumb Code    14  port.o(.emb_text)
    vPortClearInterruptMask                  0x080001db   Thumb Code     6  port.o(.emb_text)
    vPortGetIPSR                             0x080001e1   Thumb Code     6  port.o(.emb_text)
    Reset_Handler                            0x080001e9   Thumb Code     8  startup_stm32f103xe.o(.text)
    ADC1_2_IRQHandler                        0x08000203   Thumb Code     0  startup_stm32f103xe.o(.text)
    ADC3_IRQHandler                          0x08000203   Thumb Code     0  startup_stm32f103xe.o(.text)
    CAN1_RX1_IRQHandler                      0x08000203   Thumb Code     0  startup_stm32f103xe.o(.text)
    CAN1_SCE_IRQHandler                      0x08000203   Thumb Code     0  startup_stm32f103xe.o(.text)
    DMA1_Channel1_IRQHandler                 0x08000203   Thumb Code     0  startup_stm32f103xe.o(.text)
    DMA1_Channel2_IRQHandler                 0x08000203   Thumb Code     0  startup_stm32f103xe.o(.text)
    DMA1_Channel3_IRQHandler                 0x08000203   Thumb Code     0  startup_stm32f103xe.o(.text)
    DMA1_Channel4_IRQHandler                 0x08000203   Thumb Code     0  startup_stm32f103xe.o(.text)
    DMA1_Channel5_IRQHandler                 0x08000203   Thumb Code     0  startup_stm32f103xe.o(.text)
    DMA1_Channel6_IRQHandler                 0x08000203   Thumb Code     0  startup_stm32f103xe.o(.text)
    DMA1_Channel7_IRQHandler                 0x08000203   Thumb Code     0  startup_stm32f103xe.o(.text)
    DMA2_Channel1_IRQHandler                 0x08000203   Thumb Code     0  startup_stm32f103xe.o(.text)
    DMA2_Channel2_IRQHandler                 0x08000203   Thumb Code     0  startup_stm32f103xe.o(.text)
    DMA2_Channel3_IRQHandler                 0x08000203   Thumb Code     0  startup_stm32f103xe.o(.text)
    DMA2_Channel4_5_IRQHandler               0x08000203   Thumb Code     0  startup_stm32f103xe.o(.text)
    EXTI0_IRQHandler                         0x08000203   Thumb Code     0  startup_stm32f103xe.o(.text)
    EXTI15_10_IRQHandler                     0x08000203   Thumb Code     0  startup_stm32f103xe.o(.text)
    EXTI1_IRQHandler                         0x08000203   Thumb Code     0  startup_stm32f103xe.o(.text)
    EXTI2_IRQHandler                         0x08000203   Thumb Code     0  startup_stm32f103xe.o(.text)
    EXTI3_IRQHandler                         0x08000203   Thumb Code     0  startup_stm32f103xe.o(.text)
    EXTI4_IRQHandler                         0x08000203   Thumb Code     0  startup_stm32f103xe.o(.text)
    EXTI9_5_IRQHandler                       0x08000203   Thumb Code     0  startup_stm32f103xe.o(.text)
    FLASH_IRQHandler                         0x08000203   Thumb Code     0  startup_stm32f103xe.o(.text)
    FSMC_IRQHandler                          0x08000203   Thumb Code     0  startup_stm32f103xe.o(.text)
    I2C1_ER_IRQHandler                       0x08000203   Thumb Code     0  startup_stm32f103xe.o(.text)
    I2C1_EV_IRQHandler                       0x08000203   Thumb Code     0  startup_stm32f103xe.o(.text)
    I2C2_ER_IRQHandler                       0x08000203   Thumb Code     0  startup_stm32f103xe.o(.text)
    I2C2_EV_IRQHandler                       0x08000203   Thumb Code     0  startup_stm32f103xe.o(.text)
    PVD_IRQHandler                           0x08000203   Thumb Code     0  startup_stm32f103xe.o(.text)
    RCC_IRQHandler                           0x08000203   Thumb Code     0  startup_stm32f103xe.o(.text)
    RTC_Alarm_IRQHandler                     0x08000203   Thumb Code     0  startup_stm32f103xe.o(.text)
    SPI1_IRQHandler                          0x08000203   Thumb Code     0  startup_stm32f103xe.o(.text)
    SPI2_IRQHandler                          0x08000203   Thumb Code     0  startup_stm32f103xe.o(.text)
    SPI3_IRQHandler                          0x08000203   Thumb Code     0  startup_stm32f103xe.o(.text)
    TAMPER_IRQHandler                        0x08000203   Thumb Code     0  startup_stm32f103xe.o(.text)
    TIM1_BRK_IRQHandler                      0x08000203   Thumb Code     0  startup_stm32f103xe.o(.text)
    TIM1_CC_IRQHandler                       0x08000203   Thumb Code     0  startup_stm32f103xe.o(.text)
    TIM1_TRG_COM_IRQHandler                  0x08000203   Thumb Code     0  startup_stm32f103xe.o(.text)
    TIM1_UP_IRQHandler                       0x08000203   Thumb Code     0  startup_stm32f103xe.o(.text)
    TIM2_IRQHandler                          0x08000203   Thumb Code     0  startup_stm32f103xe.o(.text)
    TIM3_IRQHandler                          0x08000203   Thumb Code     0  startup_stm32f103xe.o(.text)
    TIM4_IRQHandler                          0x08000203   Thumb Code     0  startup_stm32f103xe.o(.text)
    TIM5_IRQHandler                          0x08000203   Thumb Code     0  startup_stm32f103xe.o(.text)
    TIM6_IRQHandler                          0x08000203   Thumb Code     0  startup_stm32f103xe.o(.text)
    TIM8_BRK_IRQHandler                      0x08000203   Thumb Code     0  startup_stm32f103xe.o(.text)
    TIM8_CC_IRQHandler                       0x08000203   Thumb Code     0  startup_stm32f103xe.o(.text)
    TIM8_TRG_COM_IRQHandler                  0x08000203   Thumb Code     0  startup_stm32f103xe.o(.text)
    TIM8_UP_IRQHandler                       0x08000203   Thumb Code     0  startup_stm32f103xe.o(.text)
    UART4_IRQHandler                         0x08000203   Thumb Code     0  startup_stm32f103xe.o(.text)
    UART5_IRQHandler                         0x08000203   Thumb Code     0  startup_stm32f103xe.o(.text)
    USART2_IRQHandler                        0x08000203   Thumb Code     0  startup_stm32f103xe.o(.text)
    USART3_IRQHandler                        0x08000203   Thumb Code     0  startup_stm32f103xe.o(.text)
    USBWakeUp_IRQHandler                     0x08000203   Thumb Code     0  startup_stm32f103xe.o(.text)
    USB_HP_CAN1_TX_IRQHandler                0x08000203   Thumb Code     0  startup_stm32f103xe.o(.text)
    USB_LP_CAN1_RX0_IRQHandler               0x08000203   Thumb Code     0  startup_stm32f103xe.o(.text)
    WWDG_IRQHandler                          0x08000203   Thumb Code     0  startup_stm32f103xe.o(.text)
    __aeabi_memcpy                           0x0800020d   Thumb Code    36  memcpya.o(.text)
    __aeabi_memcpy4                          0x0800020d   Thumb Code     0  memcpya.o(.text)
    __aeabi_memcpy8                          0x0800020d   Thumb Code     0  memcpya.o(.text)
    __aeabi_memset                           0x08000231   Thumb Code    14  memseta.o(.text)
    __aeabi_memset4                          0x08000231   Thumb Code     0  memseta.o(.text)
    __aeabi_memset8                          0x08000231   Thumb Code     0  memseta.o(.text)
    __aeabi_memclr                           0x0800023f   Thumb Code     4  memseta.o(.text)
    __aeabi_memclr4                          0x0800023f   Thumb Code     0  memseta.o(.text)
    __aeabi_memclr8                          0x0800023f   Thumb Code     0  memseta.o(.text)
    _memset$wrapper                          0x08000243   Thumb Code    18  memseta.o(.text)
    strlen                                   0x08000255   Thumb Code    14  strlen.o(.text)
    __aeabi_uidiv                            0x08000263   Thumb Code     0  uidiv.o(.text)
    __aeabi_uidivmod                         0x08000263   Thumb Code    44  uidiv.o(.text)
    __scatterload                            0x08000291   Thumb Code    28  init.o(.text)
    __scatterload_rt2                        0x08000291   Thumb Code     0  init.o(.text)
    BusFault_Handler                         0x080002b5   Thumb Code     2  stm32f1xx_it.o(i.BusFault_Handler)
    DebugMon_Handler                         0x080002b7   Thumb Code     2  stm32f1xx_it.o(i.DebugMon_Handler)
    FSMC_LCD_Write_Register                  0x080002b9   Thumb Code    12  tft.o(i.FSMC_LCD_Write_Register)
    FSMC_NORSRAM_Extended_Timing_Init        0x080002c9   Thumb Code    94  stm32f1xx_ll_fsmc.o(i.FSMC_NORSRAM_Extended_Timing_Init)
    FSMC_NORSRAM_Init                        0x0800032d   Thumb Code   148  stm32f1xx_ll_fsmc.o(i.FSMC_NORSRAM_Init)
    FSMC_NORSRAM_Timing_Init                 0x080003c5   Thumb Code   118  stm32f1xx_ll_fsmc.o(i.FSMC_NORSRAM_Timing_Init)
    HAL_Delay                                0x0800043b   Thumb Code    22  stm32f1xx_hal.o(i.HAL_Delay)
    HAL_GPIO_Init                            0x08000451   Thumb Code   446  stm32f1xx_hal_gpio.o(i.HAL_GPIO_Init)
    HAL_GPIO_WritePin                        0x08000639   Thumb Code    10  stm32f1xx_hal_gpio.o(i.HAL_GPIO_WritePin)
    HAL_GetTick                              0x08000645   Thumb Code     6  stm32f1xx_hal.o(i.HAL_GetTick)
    HAL_IncTick                              0x08000651   Thumb Code    10  stm32f1xx_hal.o(i.HAL_IncTick)
    HAL_Init                                 0x08000661   Thumb Code    32  stm32f1xx_hal.o(i.HAL_Init)
    HAL_InitTick                             0x08000685   Thumb Code    98  stm32f1xx_hal_timebase_tim.o(i.HAL_InitTick)
    HAL_MspInit                              0x080006f9   Thumb Code    86  stm32f1xx_hal_msp.o(i.HAL_MspInit)
    HAL_NVIC_EnableIRQ                       0x08000755   Thumb Code    22  stm32f1xx_hal_cortex.o(i.HAL_NVIC_EnableIRQ)
    HAL_NVIC_SetPriority                     0x0800076d   Thumb Code    60  stm32f1xx_hal_cortex.o(i.HAL_NVIC_SetPriority)
    HAL_NVIC_SetPriorityGrouping             0x080007ad   Thumb Code    26  stm32f1xx_hal_cortex.o(i.HAL_NVIC_SetPriorityGrouping)
    HAL_PWR_EnableBkUpAccess                 0x080007d1   Thumb Code    20  stm32f1xx_hal_pwr.o(i.HAL_PWR_EnableBkUpAccess)
    HAL_RCCEx_GetPeriphCLKFreq               0x080007e9   Thumb Code   222  stm32f1xx_hal_rcc_ex.o(i.HAL_RCCEx_GetPeriphCLKFreq)
    HAL_RCCEx_PeriphCLKConfig                0x080008e9   Thumb Code   282  stm32f1xx_hal_rcc_ex.o(i.HAL_RCCEx_PeriphCLKConfig)
    HAL_RCC_ClockConfig                      0x08000a11   Thumb Code   638  stm32f1xx_hal_rcc.o(i.HAL_RCC_ClockConfig)
    HAL_RCC_GetClockConfig                   0x08000c99   Thumb Code    54  stm32f1xx_hal_rcc.o(i.HAL_RCC_GetClockConfig)
    HAL_RCC_GetHCLKFreq                      0x08000cd9   Thumb Code    38  stm32f1xx_hal_rcc.o(i.HAL_RCC_GetHCLKFreq)
    HAL_RCC_GetPCLK1Freq                     0x08000d0d   Thumb Code    36  stm32f1xx_hal_rcc.o(i.HAL_RCC_GetPCLK1Freq)
    HAL_RCC_GetPCLK2Freq                     0x08000d39   Thumb Code    36  stm32f1xx_hal_rcc.o(i.HAL_RCC_GetPCLK2Freq)
    HAL_RCC_GetSysClockFreq                  0x08000d65   Thumb Code   102  stm32f1xx_hal_rcc.o(i.HAL_RCC_GetSysClockFreq)
    HAL_RCC_OscConfig                        0x08000ded   Thumb Code  1586  stm32f1xx_hal_rcc.o(i.HAL_RCC_OscConfig)
    HAL_RTCEx_RTCEventCallback               0x0800141f   Thumb Code     2  stm32f1xx_hal_rtc_ex.o(i.HAL_RTCEx_RTCEventCallback)
    HAL_RTCEx_RTCEventErrorCallback          0x08001421   Thumb Code     2  stm32f1xx_hal_rtc_ex.o(i.HAL_RTCEx_RTCEventErrorCallback)
    HAL_RTCEx_RTCIRQHandler                  0x08001423   Thumb Code    60  stm32f1xx_hal_rtc_ex.o(i.HAL_RTCEx_RTCIRQHandler)
    HAL_RTC_GetDate                          0x0800145f   Thumb Code    78  stm32f1xx_hal_rtc.o(i.HAL_RTC_GetDate)
    HAL_RTC_GetTime                          0x080014ad   Thumb Code   196  stm32f1xx_hal_rtc.o(i.HAL_RTC_GetTime)
    HAL_RTC_Init                             0x08001571   Thumb Code   154  stm32f1xx_hal_rtc.o(i.HAL_RTC_Init)
    HAL_RTC_MspInit                          0x08001611   Thumb Code    76  stm32f1xx_hal_msp.o(i.HAL_RTC_MspInit)
    HAL_RTC_SetDate                          0x08001669   Thumb Code   192  stm32f1xx_hal_rtc.o(i.HAL_RTC_SetDate)
    HAL_RTC_SetTime                          0x0800172d   Thumb Code   168  stm32f1xx_hal_rtc.o(i.HAL_RTC_SetTime)
    HAL_RTC_WaitForSynchro                   0x080017d9   Thumb Code    58  stm32f1xx_hal_rtc.o(i.HAL_RTC_WaitForSynchro)
    HAL_SD_Get_CardInfo                      0x08001813   Thumb Code   696  stm32f1xx_hal_sd.o(i.HAL_SD_Get_CardInfo)
    HAL_SD_IRQHandler                        0x08001acb   Thumb Code   124  stm32f1xx_hal_sd.o(i.HAL_SD_IRQHandler)
    HAL_SD_Init                              0x08001b47   Thumb Code   190  stm32f1xx_hal_sd.o(i.HAL_SD_Init)
    HAL_SD_MspInit                           0x08001c05   Thumb Code    88  stm32f1xx_hal_msp.o(i.HAL_SD_MspInit)
    HAL_SD_WideBusOperation_Config           0x08001c6d   Thumb Code   128  stm32f1xx_hal_sd.o(i.HAL_SD_WideBusOperation_Config)
    HAL_SD_XferCpltCallback                  0x08001ced   Thumb Code     2  stm32f1xx_hal_sd.o(i.HAL_SD_XferCpltCallback)
    HAL_SD_XferErrorCallback                 0x08001cef   Thumb Code     2  stm32f1xx_hal_sd.o(i.HAL_SD_XferErrorCallback)
    HAL_SRAM_Init                            0x08001cf1   Thumb Code    86  stm32f1xx_hal_sram.o(i.HAL_SRAM_Init)
    HAL_SRAM_MspInit                         0x08001d49   Thumb Code    78  stm32f1xx_hal_msp.o(i.HAL_SRAM_MspInit)
    HAL_SYSTICK_CLKSourceConfig              0x08001da9   Thumb Code    24  stm32f1xx_hal_cortex.o(i.HAL_SYSTICK_CLKSourceConfig)
    HAL_SYSTICK_Config                       0x08001dc1   Thumb Code    40  stm32f1xx_hal_cortex.o(i.HAL_SYSTICK_Config)
    HAL_TIMEx_BreakCallback                  0x08001de9   Thumb Code     2  stm32f1xx_hal_tim_ex.o(i.HAL_TIMEx_BreakCallback)
    HAL_TIMEx_CommutationCallback            0x08001deb   Thumb Code     2  stm32f1xx_hal_tim_ex.o(i.HAL_TIMEx_CommutationCallback)
    HAL_TIM_Base_Init                        0x08001ded   Thumb Code    54  stm32f1xx_hal_tim.o(i.HAL_TIM_Base_Init)
    HAL_TIM_Base_MspInit                     0x08001e23   Thumb Code     2  stm32f1xx_hal_tim.o(i.HAL_TIM_Base_MspInit)
    HAL_TIM_Base_Start_IT                    0x08001e25   Thumb Code    24  stm32f1xx_hal_tim.o(i.HAL_TIM_Base_Start_IT)
    HAL_TIM_IC_CaptureCallback               0x08001e3d   Thumb Code     2  stm32f1xx_hal_tim.o(i.HAL_TIM_IC_CaptureCallback)
    HAL_TIM_IRQHandler                       0x08001e3f   Thumb Code   358  stm32f1xx_hal_tim.o(i.HAL_TIM_IRQHandler)
    HAL_TIM_OC_DelayElapsedCallback          0x08001fa5   Thumb Code     2  stm32f1xx_hal_tim.o(i.HAL_TIM_OC_DelayElapsedCallback)
    HAL_TIM_PWM_PulseFinishedCallback        0x08001fa7   Thumb Code     2  stm32f1xx_hal_tim.o(i.HAL_TIM_PWM_PulseFinishedCallback)
    HAL_TIM_PeriodElapsedCallback            0x08001fa9   Thumb Code     4  stm32f1xx_hal_timebase_tim.o(i.HAL_TIM_PeriodElapsedCallback)
    HAL_TIM_TriggerCallback                  0x08001fad   Thumb Code     2  stm32f1xx_hal_tim.o(i.HAL_TIM_TriggerCallback)
    HAL_UART_ErrorCallback                   0x08001faf   Thumb Code     2  stm32f1xx_hal_uart.o(i.HAL_UART_ErrorCallback)
    HAL_UART_IRQHandler                      0x08001fb1   Thumb Code   218  stm32f1xx_hal_uart.o(i.HAL_UART_IRQHandler)
    HAL_UART_Init                            0x0800208b   Thumb Code    94  stm32f1xx_hal_uart.o(i.HAL_UART_Init)
    HAL_UART_MspInit                         0x080020e9   Thumb Code    92  stm32f1xx_hal_msp.o(i.HAL_UART_MspInit)
    HAL_UART_RxCpltCallback                  0x08002151   Thumb Code     2  stm32f1xx_hal_uart.o(i.HAL_UART_RxCpltCallback)
    HAL_UART_Transmit                        0x08002155   Thumb Code   204  stm32f1xx_hal_uart.o(i.HAL_UART_Transmit)
    HAL_UART_TxCpltCallback                  0x08002221   Thumb Code     2  stm32f1xx_hal_uart.o(i.HAL_UART_TxCpltCallback)
    HardFault_Handler                        0x08002223   Thumb Code     2  stm32f1xx_it.o(i.HardFault_Handler)
    LCD_BACKLIGHT_ON                         0x08002225   Thumb Code    10  tft.o(i.LCD_BACKLIGHT_ON)
    LCD_Clear                                0x08002235   Thumb Code    42  tft.o(i.LCD_Clear)
    LCD_SetArea                              0x08002265   Thumb Code    36  tft.o(i.LCD_SetArea)
    LCD_SetCursor                            0x0800228d   Thumb Code    30  tft.o(i.LCD_SetCursor)
    LCD_WriteChar5x7                         0x080022ad   Thumb Code   266  tft.o(i.LCD_WriteChar5x7)
    LCD_WriteString_5x7                      0x080023c1   Thumb Code    70  tft.o(i.LCD_WriteString_5x7)
    MemManage_Handler                        0x080024f5   Thumb Code     2  stm32f1xx_it.o(i.MemManage_Handler)
    NMI_Handler                              0x080024f7   Thumb Code     2  stm32f1xx_it.o(i.NMI_Handler)
    RTC_IRQHandler                           0x0800265d   Thumb Code     6  stm32f1xx_it.o(i.RTC_IRQHandler)
    SDIO_DataConfig                          0x0800273f   Thumb Code    36  stm32f1xx_ll_sdmmc.o(i.SDIO_DataConfig)
    SDIO_GetCommandResponse                  0x08002763   Thumb Code     6  stm32f1xx_ll_sdmmc.o(i.SDIO_GetCommandResponse)
    SDIO_GetPowerState                       0x08002769   Thumb Code     8  stm32f1xx_ll_sdmmc.o(i.SDIO_GetPowerState)
    SDIO_GetResponse                         0x08002771   Thumb Code    12  stm32f1xx_ll_sdmmc.o(i.SDIO_GetResponse)
    SDIO_IRQHandler                          0x08002781   Thumb Code     6  stm32f1xx_it.o(i.SDIO_IRQHandler)
    SDIO_Init                                0x0800278d   Thumb Code    36  stm32f1xx_ll_sdmmc.o(i.SDIO_Init)
    SDIO_PowerState_ON                       0x080027b1   Thumb Code     8  stm32f1xx_ll_sdmmc.o(i.SDIO_PowerState_ON)
    SDIO_ReadFIFO                            0x080027b9   Thumb Code     6  stm32f1xx_ll_sdmmc.o(i.SDIO_ReadFIFO)
    SDIO_SendCommand                         0x080027bf   Thumb Code    32  stm32f1xx_ll_sdmmc.o(i.SDIO_SendCommand)
    SSD1289_Init                             0x08002e4b   Thumb Code   192  tft.o(i.SSD1289_Init)
    StartDefaultTask                         0x08002f0d   Thumb Code    84  main.o(i.StartDefaultTask)
    StartTaskTFT                             0x08002f9d   Thumb Code   178  main.o(i.StartTaskTFT)
    SysTick_Handler                          0x080030ad   Thumb Code     4  stm32f1xx_it.o(i.SysTick_Handler)
    SystemClock_Config                       0x080030b1   Thumb Code   110  main.o(i.SystemClock_Config)
    SystemInit                               0x08003121   Thumb Code    56  system_stm32f1xx.o(i.SystemInit)
    TIM7_IRQHandler                          0x08003169   Thumb Code     6  stm32f1xx_it.o(i.TIM7_IRQHandler)
    TIM_Base_SetConfig                       0x08003175   Thumb Code   112  stm32f1xx_hal_tim.o(i.TIM_Base_SetConfig)
    USART1_IRQHandler                        0x08003479   Thumb Code     6  stm32f1xx_it.o(i.USART1_IRQHandler)
    UsageFault_Handler                       0x08003485   Thumb Code     2  stm32f1xx_it.o(i.UsageFault_Handler)
    __0sprintf$6                             0x08003489   Thumb Code    34  printf6.o(i.__0sprintf$6)
    __1sprintf$6                             0x08003489   Thumb Code     0  printf6.o(i.__0sprintf$6)
    __2sprintf                               0x08003489   Thumb Code     0  printf6.o(i.__0sprintf$6)
    __scatterload_copy                       0x080034b1   Thumb Code    14  handlers.o(i.__scatterload_copy)
    __scatterload_null                       0x080034bf   Thumb Code     2  handlers.o(i.__scatterload_null)
    __scatterload_zeroinit                   0x080034c1   Thumb Code    14  handlers.o(i.__scatterload_zeroinit)
    main                                     0x0800381d   Thumb Code   212  main.o(i.main)
    osDelay                                  0x08003915   Thumb Code    14  cmsis_os.o(i.osDelay)
    osKernelStart                            0x08003923   Thumb Code    10  cmsis_os.o(i.osKernelStart)
    osSystickHandler                         0x0800392d   Thumb Code    20  cmsis_os.o(i.osSystickHandler)
    osThreadCreate                           0x08003941   Thumb Code    56  cmsis_os.o(i.osThreadCreate)
    pvPortMalloc                             0x08003ae9   Thumb Code   182  heap_4.o(i.pvPortMalloc)
    pxPortInitialiseStack                    0x08003ba5   Thumb Code    28  port.o(i.pxPortInitialiseStack)
    uxListRemove                             0x08003bc5   Thumb Code    36  list.o(i.uxListRemove)
    vListInitialise                          0x08003be9   Thumb Code    22  list.o(i.vListInitialise)
    vListInitialiseItem                      0x08003bff   Thumb Code     6  list.o(i.vListInitialiseItem)
    vListInsert                              0x08003c05   Thumb Code    48  list.o(i.vListInsert)
    vListInsertEnd                           0x08003c35   Thumb Code    24  list.o(i.vListInsertEnd)
    vPortEnterCritical                       0x08003c4d   Thumb Code    44  port.o(i.vPortEnterCritical)
    vPortExitCritical                        0x08003c81   Thumb Code    30  port.o(i.vPortExitCritical)
    vPortFree                                0x08003ca5   Thumb Code    68  heap_4.o(i.vPortFree)
    vPortSetupTimerInterrupt                 0x08003ced   Thumb Code    26  port.o(i.vPortSetupTimerInterrupt)
    vPortYield                               0x08003d0d   Thumb Code    18  port.o(i.vPortYield)
    vTaskDelay                               0x08003d25   Thumb Code    76  tasks.o(i.vTaskDelay)
    vTaskStartScheduler                      0x08003d75   Thumb Code    60  tasks.o(i.vTaskStartScheduler)
    vTaskSuspendAll                          0x08003dc1   Thumb Code    10  tasks.o(i.vTaskSuspendAll)
    vTaskSwitchContext                       0x08003dd1   Thumb Code    74  tasks.o(i.vTaskSwitchContext)
    xPortStartScheduler                      0x08003e25   Thumb Code   102  port.o(i.xPortStartScheduler)
    xPortSysTickHandler                      0x08003e99   Thumb Code    30  port.o(i.xPortSysTickHandler)
    xTaskGenericCreate                       0x08003ebd   Thumb Code   388  tasks.o(i.xTaskGenericCreate)
    xTaskGetSchedulerState                   0x08004049   Thumb Code    22  tasks.o(i.xTaskGetSchedulerState)
    xTaskIncrementTick                       0x08004065   Thumb Code   184  tasks.o(i.xTaskIncrementTick)
    xTaskResumeAll                           0x08004125   Thumb Code   162  tasks.o(i.xTaskResumeAll)
    font_5x7                                 0x080041f8   Data         475  tft.o(.constdata)
    aAPBAHBPrescTable                        0x080043d3   Data          16  stm32f1xx_hal_rcc.o(.constdata)
    Region$$Table$$Base                      0x080043f8   Number         0  anon$$obj.o(Region$$Table)
    Region$$Table$$Limit                     0x08004418   Number         0  anon$$obj.o(Region$$Table)
    pxCurrentTCB                             0x20000000   Data           4  tasks.o(.data)
    defaultTaskHandle                        0x20000074   Data           4  main.o(.data)
    TaskTFTHandle                            0x20000078   Data           4  main.o(.data)
    SystemCoreClock                          0x2000007c   Data           4  system_stm32f1xx.o(.data)
    htim7                                    0x20000d74   Data          60  stm32f1xx_hal_timebase_tim.o(.bss)
    hrtc                                     0x20000eb0   Data          20  main.o(.bss)
    hsd                                      0x20000ec4   Data          96  main.o(.bss)
    SDCardInfo                               0x20000f28   Data          88  main.o(.bss)
    huart1                                   0x20000f80   Data          64  main.o(.bss)
    hsram1                                   0x20000fc0   Data          68  main.o(.bss)
    __initial_sp                             0x20001408   Data           0  startup_stm32f103xe.o(STACK)



==============================================================================

Memory Map of the image

  Image Entry point : 0x08000131

  Load Region LR_IROM1 (Base: 0x08000000, Size: 0x0000449c, Max: 0x00040000, ABSOLUTE)

    Execution Region ER_IROM1 (Base: 0x08000000, Size: 0x00004418, Max: 0x00040000, ABSOLUTE)

    Base Addr    Size         Type   Attr      Idx    E Section Name        Object

    0x08000000   0x00000130   Data   RO         1549    RESET               startup_stm32f103xe.o
    0x08000130   0x00000000   Code   RO         4397  * .ARM.Collect$$$$00000000  mc_w.l(entry.o)
    0x08000130   0x00000004   Code   RO         4671    .ARM.Collect$$$$00000001  mc_w.l(entry2.o)
    0x08000134   0x00000004   Code   RO         4674    .ARM.Collect$$$$00000004  mc_w.l(entry5.o)
    0x08000138   0x00000000   Code   RO         4676    .ARM.Collect$$$$00000008  mc_w.l(entry7b.o)
    0x08000138   0x00000000   Code   RO         4678    .ARM.Collect$$$$0000000A  mc_w.l(entry8b.o)
    0x08000138   0x00000008   Code   RO         4679    .ARM.Collect$$$$0000000B  mc_w.l(entry9a.o)
    0x08000140   0x00000000   Code   RO         4681    .ARM.Collect$$$$0000000D  mc_w.l(entry10a.o)
    0x08000140   0x00000000   Code   RO         4683    .ARM.Collect$$$$0000000F  mc_w.l(entry11a.o)
    0x08000140   0x00000004   Code   RO         4672    .ARM.Collect$$$$00002712  mc_w.l(entry2.o)
    0x08000144   0x000000a2   Code   RO          475    .emb_text           port.o
    0x080001e6   0x00000002   PAD
    0x080001e8   0x00000024   Code   RO         1550    .text               startup_stm32f103xe.o
    0x0800020c   0x00000024   Code   RO         4402    .text               mc_w.l(memcpya.o)
    0x08000230   0x00000024   Code   RO         4404    .text               mc_w.l(memseta.o)
    0x08000254   0x0000000e   Code   RO         4406    .text               mc_w.l(strlen.o)
    0x08000262   0x0000002c   Code   RO         4688    .text               mc_w.l(uidiv.o)
    0x0800028e   0x00000002   PAD
    0x08000290   0x00000024   Code   RO         4703    .text               mc_w.l(init.o)
    0x080002b4   0x00000002   Code   RO         1068    i.BusFault_Handler  stm32f1xx_it.o
    0x080002b6   0x00000002   Code   RO         1069    i.DebugMon_Handler  stm32f1xx_it.o
    0x080002b8   0x00000010   Code   RO         1448    i.FSMC_LCD_Write_Register  tft.o
    0x080002c8   0x00000064   Code   RO         4162    i.FSMC_NORSRAM_Extended_Timing_Init  stm32f1xx_ll_fsmc.o
    0x0800032c   0x00000098   Code   RO         4163    i.FSMC_NORSRAM_Init  stm32f1xx_ll_fsmc.o
    0x080003c4   0x00000076   Code   RO         4164    i.FSMC_NORSRAM_Timing_Init  stm32f1xx_ll_fsmc.o
    0x0800043a   0x00000016   Code   RO         2636    i.HAL_Delay         stm32f1xx_hal.o
    0x08000450   0x000001e8   Code   RO         1935    i.HAL_GPIO_Init     stm32f1xx_hal_gpio.o
    0x08000638   0x0000000a   Code   RO         1939    i.HAL_GPIO_WritePin  stm32f1xx_hal_gpio.o
    0x08000642   0x00000002   PAD
    0x08000644   0x0000000c   Code   RO         2640    i.HAL_GetTick       stm32f1xx_hal.o
    0x08000650   0x00000010   Code   RO         2641    i.HAL_IncTick       stm32f1xx_hal.o
    0x08000660   0x00000024   Code   RO         2642    i.HAL_Init          stm32f1xx_hal.o
    0x08000684   0x00000074   Code   RO         1335    i.HAL_InitTick      stm32f1xx_hal_timebase_tim.o
    0x080006f8   0x0000005c   Code   RO         1261    i.HAL_MspInit       stm32f1xx_hal_msp.o
    0x08000754   0x00000016   Code   RO         3191    i.HAL_NVIC_EnableIRQ  stm32f1xx_hal_cortex.o
    0x0800076a   0x00000002   PAD
    0x0800076c   0x00000040   Code   RO         3197    i.HAL_NVIC_SetPriority  stm32f1xx_hal_cortex.o
    0x080007ac   0x00000024   Code   RO         3198    i.HAL_NVIC_SetPriorityGrouping  stm32f1xx_hal_cortex.o
    0x080007d0   0x00000018   Code   RO         2847    i.HAL_PWR_EnableBkUpAccess  stm32f1xx_hal_pwr.o
    0x080007e8   0x00000100   Code   RO         2966    i.HAL_RCCEx_GetPeriphCLKFreq  stm32f1xx_hal_rcc_ex.o
    0x080008e8   0x00000128   Code   RO         2967    i.HAL_RCCEx_PeriphCLKConfig  stm32f1xx_hal_rcc_ex.o
    0x08000a10   0x00000288   Code   RO         1828    i.HAL_RCC_ClockConfig  stm32f1xx_hal_rcc.o
    0x08000c98   0x00000040   Code   RO         1832    i.HAL_RCC_GetClockConfig  stm32f1xx_hal_rcc.o
    0x08000cd8   0x00000034   Code   RO         1833    i.HAL_RCC_GetHCLKFreq  stm32f1xx_hal_rcc.o
    0x08000d0c   0x0000002c   Code   RO         1835    i.HAL_RCC_GetPCLK1Freq  stm32f1xx_hal_rcc.o
    0x08000d38   0x0000002c   Code   RO         1836    i.HAL_RCC_GetPCLK2Freq  stm32f1xx_hal_rcc.o
    0x08000d64   0x00000088   Code   RO         1837    i.HAL_RCC_GetSysClockFreq  stm32f1xx_hal_rcc.o
    0x08000dec   0x00000632   Code   RO         1840    i.HAL_RCC_OscConfig  stm32f1xx_hal_rcc.o
    0x0800141e   0x00000002   Code   RO         3887    i.HAL_RTCEx_RTCEventCallback  stm32f1xx_hal_rtc_ex.o
    0x08001420   0x00000002   Code   RO         3888    i.HAL_RTCEx_RTCEventErrorCallback  stm32f1xx_hal_rtc_ex.o
    0x08001422   0x0000003c   Code   RO         3889    i.HAL_RTCEx_RTCIRQHandler  stm32f1xx_hal_rtc_ex.o
    0x0800145e   0x0000004e   Code   RO         3989    i.HAL_RTC_GetDate   stm32f1xx_hal_rtc.o
    0x080014ac   0x000000c4   Code   RO         3991    i.HAL_RTC_GetTime   stm32f1xx_hal_rtc.o
    0x08001570   0x000000a0   Code   RO         3992    i.HAL_RTC_Init      stm32f1xx_hal_rtc.o
    0x08001610   0x00000058   Code   RO         1263    i.HAL_RTC_MspInit   stm32f1xx_hal_msp.o
    0x08001668   0x000000c4   Code   RO         3998    i.HAL_RTC_SetDate   stm32f1xx_hal_rtc.o
    0x0800172c   0x000000ac   Code   RO         3999    i.HAL_RTC_SetTime   stm32f1xx_hal_rtc.o
    0x080017d8   0x0000003a   Code   RO         4000    i.HAL_RTC_WaitForSynchro  stm32f1xx_hal_rtc.o
    0x08001812   0x000002b8   Code   RO         3553    i.HAL_SD_Get_CardInfo  stm32f1xx_hal_sd.o
    0x08001aca   0x0000007c   Code   RO         3555    i.HAL_SD_IRQHandler  stm32f1xx_hal_sd.o
    0x08001b46   0x000000be   Code   RO         3556    i.HAL_SD_Init       stm32f1xx_hal_sd.o
    0x08001c04   0x00000068   Code   RO         1265    i.HAL_SD_MspInit    stm32f1xx_hal_msp.o
    0x08001c6c   0x00000080   Code   RO         3563    i.HAL_SD_WideBusOperation_Config  stm32f1xx_hal_sd.o
    0x08001cec   0x00000002   Code   RO         3566    i.HAL_SD_XferCpltCallback  stm32f1xx_hal_sd.o
    0x08001cee   0x00000002   Code   RO         3567    i.HAL_SD_XferErrorCallback  stm32f1xx_hal_sd.o
    0x08001cf0   0x00000056   Code   RO         4284    i.HAL_SRAM_Init     stm32f1xx_hal_sram.o
    0x08001d46   0x00000002   PAD
    0x08001d48   0x00000060   Code   RO         1267    i.HAL_SRAM_MspInit  stm32f1xx_hal_msp.o
    0x08001da8   0x00000018   Code   RO         3200    i.HAL_SYSTICK_CLKSourceConfig  stm32f1xx_hal_cortex.o
    0x08001dc0   0x00000028   Code   RO         3202    i.HAL_SYSTICK_Config  stm32f1xx_hal_cortex.o
    0x08001de8   0x00000002   Code   RO         1594    i.HAL_TIMEx_BreakCallback  stm32f1xx_hal_tim_ex.o
    0x08001dea   0x00000002   Code   RO         1595    i.HAL_TIMEx_CommutationCallback  stm32f1xx_hal_tim_ex.o
    0x08001dec   0x00000036   Code   RO         2000    i.HAL_TIM_Base_Init  stm32f1xx_hal_tim.o
    0x08001e22   0x00000002   Code   RO         2002    i.HAL_TIM_Base_MspInit  stm32f1xx_hal_tim.o
    0x08001e24   0x00000018   Code   RO         2005    i.HAL_TIM_Base_Start_IT  stm32f1xx_hal_tim.o
    0x08001e3c   0x00000002   Code   RO         2029    i.HAL_TIM_IC_CaptureCallback  stm32f1xx_hal_tim.o
    0x08001e3e   0x00000166   Code   RO         2042    i.HAL_TIM_IRQHandler  stm32f1xx_hal_tim.o
    0x08001fa4   0x00000002   Code   RO         2045    i.HAL_TIM_OC_DelayElapsedCallback  stm32f1xx_hal_tim.o
    0x08001fa6   0x00000002   Code   RO         2072    i.HAL_TIM_PWM_PulseFinishedCallback  stm32f1xx_hal_tim.o
    0x08001fa8   0x00000004   Code   RO         1338    i.HAL_TIM_PeriodElapsedCallback  stm32f1xx_hal_timebase_tim.o
    0x08001fac   0x00000002   Code   RO         2083    i.HAL_TIM_TriggerCallback  stm32f1xx_hal_tim.o
    0x08001fae   0x00000002   Code   RO         3318    i.HAL_UART_ErrorCallback  stm32f1xx_hal_uart.o
    0x08001fb0   0x000000da   Code   RO         3321    i.HAL_UART_IRQHandler  stm32f1xx_hal_uart.o
    0x0800208a   0x0000005e   Code   RO         3322    i.HAL_UART_Init     stm32f1xx_hal_uart.o
    0x080020e8   0x00000068   Code   RO         1269    i.HAL_UART_MspInit  stm32f1xx_hal_msp.o
    0x08002150   0x00000002   Code   RO         3328    i.HAL_UART_RxCpltCallback  stm32f1xx_hal_uart.o
    0x08002152   0x00000002   PAD
    0x08002154   0x000000cc   Code   RO         3330    i.HAL_UART_Transmit  stm32f1xx_hal_uart.o
    0x08002220   0x00000002   Code   RO         3333    i.HAL_UART_TxCpltCallback  stm32f1xx_hal_uart.o
    0x08002222   0x00000002   Code   RO         1070    i.HardFault_Handler  stm32f1xx_it.o
    0x08002224   0x00000010   Code   RO         1450    i.LCD_BACKLIGHT_ON  tft.o
    0x08002234   0x00000030   Code   RO         1451    i.LCD_Clear         tft.o
    0x08002264   0x00000028   Code   RO         1454    i.LCD_SetArea       tft.o
    0x0800228c   0x0000001e   Code   RO         1455    i.LCD_SetCursor     tft.o
    0x080022aa   0x00000002   PAD
    0x080022ac   0x00000114   Code   RO         1457    i.LCD_WriteChar5x7  tft.o
    0x080023c0   0x00000046   Code   RO         1458    i.LCD_WriteString_5x7  tft.o
    0x08002406   0x00000002   PAD
    0x08002408   0x00000068   Code   RO         1381    i.MX_FSMC_Init      main.o
    0x08002470   0x00000084   Code   RO         1382    i.MX_GPIO_Init      main.o
    0x080024f4   0x00000002   Code   RO         1071    i.MemManage_Handler  stm32f1xx_it.o
    0x080024f6   0x00000002   Code   RO         1072    i.NMI_Handler       stm32f1xx_it.o
    0x080024f8   0x00000020   Code   RO         3204    i.NVIC_SetPriority  stm32f1xx_hal_cortex.o
    0x08002518   0x00000012   Code   RO         4001    i.RTC_Bcd2ToByte    stm32f1xx_hal_rtc.o
    0x0800252a   0x00000016   Code   RO         4002    i.RTC_ByteToBcd2    stm32f1xx_hal_rtc.o
    0x08002540   0x000000ae   Code   RO         4003    i.RTC_DateUpdate    stm32f1xx_hal_rtc.o
    0x080025ee   0x00000034   Code   RO         4004    i.RTC_EnterInitMode  stm32f1xx_hal_rtc.o
    0x08002622   0x00000002   PAD
    0x08002624   0x00000036   Code   RO         4005    i.RTC_ExitInitMode  stm32f1xx_hal_rtc.o
    0x0800265a   0x00000002   PAD
    0x0800265c   0x0000000c   Code   RO         1073    i.RTC_IRQHandler    stm32f1xx_it.o
    0x08002668   0x0000000e   Code   RO         4006    i.RTC_ReadAlarmCounter  stm32f1xx_hal_rtc.o
    0x08002676   0x00000020   Code   RO         4007    i.RTC_ReadTimeCounter  stm32f1xx_hal_rtc.o
    0x08002696   0x00000058   Code   RO         4008    i.RTC_WeekDayNum    stm32f1xx_hal_rtc.o
    0x080026ee   0x00000028   Code   RO         4009    i.RTC_WriteAlarmCounter  stm32f1xx_hal_rtc.o
    0x08002716   0x00000028   Code   RO         4010    i.RTC_WriteTimeCounter  stm32f1xx_hal_rtc.o
    0x0800273e   0x00000024   Code   RO         3786    i.SDIO_DataConfig   stm32f1xx_ll_sdmmc.o
    0x08002762   0x00000006   Code   RO         3787    i.SDIO_GetCommandResponse  stm32f1xx_ll_sdmmc.o
    0x08002768   0x00000008   Code   RO         3790    i.SDIO_GetPowerState  stm32f1xx_ll_sdmmc.o
    0x08002770   0x00000010   Code   RO         3791    i.SDIO_GetResponse  stm32f1xx_ll_sdmmc.o
    0x08002780   0x0000000c   Code   RO         1074    i.SDIO_IRQHandler   stm32f1xx_it.o
    0x0800278c   0x00000024   Code   RO         3792    i.SDIO_Init         stm32f1xx_ll_sdmmc.o
    0x080027b0   0x00000008   Code   RO         3794    i.SDIO_PowerState_ON  stm32f1xx_ll_sdmmc.o
    0x080027b8   0x00000006   Code   RO         3795    i.SDIO_ReadFIFO     stm32f1xx_ll_sdmmc.o
    0x080027be   0x00000020   Code   RO         3796    i.SDIO_SendCommand  stm32f1xx_ll_sdmmc.o
    0x080027de   0x00000002   PAD
    0x080027e0   0x000000ec   Code   RO         3568    i.SD_CmdResp1Error  stm32f1xx_hal_sd.o
    0x080028cc   0x0000002e   Code   RO         3569    i.SD_CmdResp2Error  stm32f1xx_hal_sd.o
    0x080028fa   0x00000074   Code   RO         3570    i.SD_CmdResp6Error  stm32f1xx_hal_sd.o
    0x0800296e   0x00000040   Code   RO         3571    i.SD_CmdResp7Error  stm32f1xx_hal_sd.o
    0x080029ae   0x0000011a   Code   RO         3576    i.SD_FindSCR        stm32f1xx_hal_sd.o
    0x08002ac8   0x000000fa   Code   RO         3578    i.SD_Initialize_Cards  stm32f1xx_hal_sd.o
    0x08002bc2   0x00000002   PAD
    0x08002bc4   0x0000018c   Code   RO         3580    i.SD_PowerON        stm32f1xx_hal_sd.o
    0x08002d50   0x0000007c   Code   RO         3581    i.SD_WideBus_Disable  stm32f1xx_hal_sd.o
    0x08002dcc   0x0000007e   Code   RO         3582    i.SD_WideBus_Enable  stm32f1xx_hal_sd.o
    0x08002e4a   0x000000c0   Code   RO         1459    i.SSD1289_Init      tft.o
    0x08002f0a   0x00000002   PAD
    0x08002f0c   0x00000090   Code   RO         1383    i.StartDefaultTask  main.o
    0x08002f9c   0x00000110   Code   RO         1384    i.StartTaskTFT      main.o
    0x080030ac   0x00000004   Code   RO         1075    i.SysTick_Handler   stm32f1xx_it.o
    0x080030b0   0x0000006e   Code   RO         1385    i.SystemClock_Config  main.o
    0x0800311e   0x00000002   PAD
    0x08003120   0x00000048   Code   RO         1558    i.SystemInit        system_stm32f1xx.o
    0x08003168   0x0000000c   Code   RO         1076    i.TIM7_IRQHandler   stm32f1xx_it.o
    0x08003174   0x00000084   Code   RO         2084    i.TIM_Base_SetConfig  stm32f1xx_hal_tim.o
    0x080031f8   0x000000a8   Code   RO         3340    i.UART_Receive_IT   stm32f1xx_hal_uart.o
    0x080032a0   0x000000e0   Code   RO         3341    i.UART_SetConfig    stm32f1xx_hal_uart.o
    0x08003380   0x00000066   Code   RO         3342    i.UART_Transmit_IT  stm32f1xx_hal_uart.o
    0x080033e6   0x00000092   Code   RO         3343    i.UART_WaitOnFlagUntilTimeout  stm32f1xx_hal_uart.o
    0x08003478   0x0000000c   Code   RO         1077    i.USART1_IRQHandler  stm32f1xx_it.o
    0x08003484   0x00000002   Code   RO         1078    i.UsageFault_Handler  stm32f1xx_it.o
    0x08003486   0x00000002   PAD
    0x08003488   0x00000028   Code   RO         4567    i.__0sprintf$6      mc_w.l(printf6.o)
    0x080034b0   0x0000000e   Code   RO         4715    i.__scatterload_copy  mc_w.l(handlers.o)
    0x080034be   0x00000002   Code   RO         4716    i.__scatterload_null  mc_w.l(handlers.o)
    0x080034c0   0x0000000e   Code   RO         4717    i.__scatterload_zeroinit  mc_w.l(handlers.o)
    0x080034ce   0x00000002   PAD
    0x080034d0   0x000002f0   Code   RO         4572    i._printf_core      mc_w.l(printf6.o)
    0x080037c0   0x00000024   Code   RO         4573    i._printf_post_padding  mc_w.l(printf6.o)
    0x080037e4   0x0000002e   Code   RO         4574    i._printf_pre_padding  mc_w.l(printf6.o)
    0x08003812   0x0000000a   Code   RO         4576    i._sputc            mc_w.l(printf6.o)
    0x0800381c   0x000000ec   Code   RO         1386    i.main              main.o
    0x08003908   0x0000000c   Code   RO          602    i.makeFreeRtosPriority  cmsis_os.o
    0x08003914   0x0000000e   Code   RO          603    i.osDelay           cmsis_os.o
    0x08003922   0x0000000a   Code   RO          606    i.osKernelStart     cmsis_os.o
    0x0800392c   0x00000014   Code   RO          635    i.osSystickHandler  cmsis_os.o
    0x08003940   0x00000038   Code   RO          636    i.osThreadCreate    cmsis_os.o
    0x08003978   0x00000034   Code   RO           52    i.prvAddCurrentTaskToDelayedList  tasks.o
    0x080039ac   0x00000054   Code   RO           53    i.prvCheckTasksWaitingTermination  tasks.o
    0x08003a00   0x0000004c   Code   RO         1010    i.prvHeapInit       heap_4.o
    0x08003a4c   0x00000018   Code   RO           54    i.prvIdleTask       tasks.o
    0x08003a64   0x0000004c   Code   RO         1011    i.prvInsertBlockIntoFreeList  heap_4.o
    0x08003ab0   0x00000020   Code   RO           56    i.prvResetNextTaskUnblockTime  tasks.o
    0x08003ad0   0x00000018   Code   RO          476    i.prvTaskExitError  port.o
    0x08003ae8   0x000000bc   Code   RO         1012    i.pvPortMalloc      heap_4.o
    0x08003ba4   0x00000020   Code   RO          477    i.pxPortInitialiseStack  port.o
    0x08003bc4   0x00000024   Code   RO          562    i.uxListRemove      list.o
    0x08003be8   0x00000016   Code   RO          563    i.vListInitialise   list.o
    0x08003bfe   0x00000006   Code   RO          564    i.vListInitialiseItem  list.o
    0x08003c04   0x00000030   Code   RO          565    i.vListInsert       list.o
    0x08003c34   0x00000018   Code   RO          566    i.vListInsertEnd    list.o
    0x08003c4c   0x00000034   Code   RO          479    i.vPortEnterCritical  port.o
    0x08003c80   0x00000024   Code   RO          480    i.vPortExitCritical  port.o
    0x08003ca4   0x00000048   Code   RO         1013    i.vPortFree         heap_4.o
    0x08003cec   0x00000020   Code   RO          481    i.vPortSetupTimerInterrupt  port.o
    0x08003d0c   0x00000018   Code   RO          483    i.vPortYield        port.o
    0x08003d24   0x00000050   Code   RO           66    i.vTaskDelay        tasks.o
    0x08003d74   0x0000004c   Code   RO           78    i.vTaskStartScheduler  tasks.o
    0x08003dc0   0x00000010   Code   RO           80    i.vTaskSuspendAll   tasks.o
    0x08003dd0   0x00000054   Code   RO           81    i.vTaskSwitchContext  tasks.o
    0x08003e24   0x00000074   Code   RO          484    i.xPortStartScheduler  port.o
    0x08003e98   0x00000024   Code   RO          485    i.xPortSysTickHandler  port.o
    0x08003ebc   0x0000018c   Code   RO           83    i.xTaskGenericCreate  tasks.o
    0x08004048   0x0000001c   Code   RO           86    i.xTaskGetSchedulerState  tasks.o
    0x08004064   0x000000c0   Code   RO           89    i.xTaskIncrementTick  tasks.o
    0x08004124   0x000000ac   Code   RO           95    i.xTaskResumeAll    tasks.o
    0x080041d0   0x00000028   Data   RO         1388    .constdata          main.o
    0x080041f8   0x000001db   Data   RO         1460    .constdata          tft.o
    0x080043d3   0x00000010   Data   RO         1841    .constdata          stm32f1xx_hal_rcc.o
    0x080043e3   0x00000001   PAD
    0x080043e4   0x00000014   Data   RO         1389    .conststring        main.o
    0x080043f8   0x00000020   Data   RO         4713    Region$$Table       anon$$obj.o


    Execution Region RW_IRAM1 (Base: 0x20000000, Size: 0x00001408, Max: 0x0000c000, ABSOLUTE)

    Base Addr    Size         Type   Attr      Idx    E Section Name        Object

    0x20000000   0x00000038   Data   RW           98    .data               tasks.o
    0x20000038   0x0000000c   Data   RW          486    .data               port.o
    0x20000044   0x00000018   Data   RW         1018    .data               heap_4.o
    0x2000005c   0x00000008   Data   RW         1270    .data               stm32f1xx_hal_msp.o
    0x20000064   0x00000018   Data   RW         1390    .data               main.o
    0x2000007c   0x00000004   Data   RW         1560    .data               system_stm32f1xx.o
    0x20000080   0x00000004   Data   RW         2648    .data               stm32f1xx_hal.o
    0x20000084   0x000000f0   Zero   RW           97    .bss                tasks.o
    0x20000174   0x00000c00   Zero   RW         1017    .bss                heap_4.o
    0x20000d74   0x0000003c   Zero   RW         1339    .bss                stm32f1xx_hal_timebase_tim.o
    0x20000db0   0x00000254   Zero   RW         1387    .bss                main.o
    0x20001004   0x00000004   PAD
    0x20001008   0x00000400   Zero   RW         1547    STACK               startup_stm32f103xe.o


==============================================================================

Image component sizes


      Code (inc. data)   RO Data    RW Data    ZI Data      Debug   Object Name

       112          0          0          0          0       9732   cmsis_os.o
       412         24          0         24       3072       3799   heap_4.o
       136          0          0          0          0       3010   list.o
       998        200         60         24        596       4462   main.o
       514         66          0         12          0       7509   port.o
        36          8        304          0       1024        740   startup_stm32f103xe.o
        86         16          0          4          0       2823   stm32f1xx_hal.o
       218         14          0          0          0      25733   stm32f1xx_hal_cortex.o
       498         42          0          0          0       2632   stm32f1xx_hal_gpio.o
       484         64          0          8          0       3415   stm32f1xx_hal_msp.o
        24          4          0          0          0        483   stm32f1xx_hal_pwr.o
      2574         96         16          0          0       6317   stm32f1xx_hal_rcc.o
       552         48          0          0          0       2273   stm32f1xx_hal_rcc_ex.o
      1394         14          0          0          0      10752   stm32f1xx_hal_rtc.o
        64          0          0          0          0       1941   stm32f1xx_hal_rtc_ex.o
      2782          8          0          0          0      15113   stm32f1xx_hal_sd.o
        86          0          0          0          0       1028   stm32f1xx_hal_sram.o
       578         20          0          0          0       6274   stm32f1xx_hal_tim.o
         4          0          0          0          0       1462   stm32f1xx_hal_tim_ex.o
       120         18          0          0         60       1792   stm32f1xx_hal_timebase_tim.o
      1162          4          0          0          0       6875   stm32f1xx_hal_uart.o
        64         24          0          0          0     325060   stm32f1xx_it.o
       370         10          0          0          0       2847   stm32f1xx_ll_fsmc.o
       148          4          0          0          0       4572   stm32f1xx_ll_sdmmc.o
        72         16          0          4          0       1233   system_stm32f1xx.o
      1236         90          0         56        240      11926   tasks.o
       688         30        475          0          0       5473   tft.o
         0          0          0          0          0      19596   timers.o

    ----------------------------------------------------------------------
     15440        820        888        132       4996     488872   Object Totals
         0          0         32          0          0          0   (incl. Generated)
        28          0          1          0          4          0   (incl. Padding)

    ----------------------------------------------------------------------

      Code (inc. data)   RO Data    RW Data    ZI Data      Debug   Library Member Name

         0          0          0          0          0          0   entry.o
         0          0          0          0          0          0   entry10a.o
         0          0          0          0          0          0   entry11a.o
         8          4          0          0          0          0   entry2.o
         4          0          0          0          0          0   entry5.o
         0          0          0          0          0          0   entry7b.o
         0          0          0          0          0          0   entry8b.o
         8          4          0          0          0          0   entry9a.o
        30          0          0          0          0          0   handlers.o
        36          8          0          0          0         68   init.o
        36          0          0          0          0         68   memcpya.o
        36          0          0          0          0        108   memseta.o
       884         10          0          0          0        420   printf6.o
        14          0          0          0          0         68   strlen.o
        44          0          0          0          0         80   uidiv.o

    ----------------------------------------------------------------------
      1104         26          0          0          0        812   Library Totals
         4          0          0          0          0          0   (incl. Padding)

    ----------------------------------------------------------------------

      Code (inc. data)   RO Data    RW Data    ZI Data      Debug   Library Name

      1100         26          0          0          0        812   mc_w.l

    ----------------------------------------------------------------------
      1104         26          0          0          0        812   Library Totals

    ----------------------------------------------------------------------

==============================================================================


      Code (inc. data)   RO Data    RW Data    ZI Data      Debug   

     16544        846        888        132       4996     481568   Grand Totals
     16544        846        888        132       4996     481568   ELF Image Totals
     16544        846        888        132          0          0   ROM Totals

==============================================================================

    Total RO  Size (Code + RO Data)                17432 (  17.02kB)
    Total RW  Size (RW Data + ZI Data)              5128 (   5.01kB)
    Total ROM Size (Code + RO Data + RW Data)      17564 (  17.15kB)

==============================================================================

