<html>
<body>
<pre>
<h1>µVision Build Log</h1>
<h2>Project:</h2>
D:\git\devices\rtos\MDK-ARM\rtos.uvprojx
Project File Date:  04/25/2016

<h2>Output:</h2>
Build target 'rtos'
linking...
Program Size: Code=25916 RO-data=1112 RW-data=148 ZI-data=8516  
"rtos\rtos.axf" - 0 Error(s), 0 Warning(s).

<h2>Software Packages used:</h2>

Package Vendor: ARM
                http://www.keil.com/pack/ARM.CMSIS.4.1.0.pack
                ARM::CMSIS:CORE:3.30.0
                CMSIS (Cortex Microcontroller Software Interface Standard)
   * Component: CORE Version: 3.30.0

<h2>Collection of Component include folders:</h2>
  D:\git\devices\rtos\MDK-ARM\RTE
  D:\Keil5\ARM\PACK\ARM\CMSIS\4.1.0\CMSIS\Include
  D:\Keil5\ARM\PACK\Keil\STM32F1xx_DFP\2.0.0

<h2>Collection of Component Files used:</h2>

   * Component: ARM::CMSIS:CORE:3.30.0
      Source file:   CMSIS\UserCodeTemplates\ARM\ITM_Retarget.c
Load "rtos\\rtos.axf" 
Erase Done.
Programming Done.
Verify OK.
Application running ...
ication running ...
.0
      Source file:   CMSIS\UserCodeTemplates\ARM\ITM_Retarget.c
...
compiling stm32f1xx_hal_sd.c...
compiling stm32f1xx_ll_sdmmc.c...
compiling stm32f1xx_hal_rtc_ex.c...
compiling stm32f1xx_hal_rtc.c...
compiling stm32f1xx_ll_fsmc.c...
compiling stm32f1xx_hal_sram.c...
compiling ff.c...
compiling diskio.c...
compiling syscall.c...
compiling sd_diskio.c...
compiling ff_gen_drv.c...
linking...
Program Size: Code=25772 RO-data=1112 RW-data=148 ZI-data=6468  
"rtos\rtos.axf" - 0 Error(s), 0 Warning(s).

<h2>Software Packages used:</h2>

Package Vendor: ARM
                http://www.keil.com/pack/ARM.CMSIS.4.1.0.pack
                ARM::CMSIS:CORE:3.30.0
                CMSIS (Cortex Microcontroller Software Interface Standard)
   * Component: CORE Version: 3.30.0

<h2>Collection of Component include folders:</h2>
  D:\git\devices\rtos\MDK-ARM\RTE
  D:\Keil5\ARM\PACK\ARM\CMSIS\4.1.0\CMSIS\Include
  D:\Keil5\ARM\PACK\Keil\STM32F1xx_DFP\2.0.0

<h2>Collection of Component Files used:</h2>

   * Component: ARM::CMSIS:CORE:3.30.0
      Source file:   CMSIS\UserCodeTemplates\ARM\ITM_Retarget.c
Load "rtos\\rtos.axf" 
Erase Done.
Programming Done.
Verify OK.
Application running ...
