<html>
<body>
<pre>
<h1>µVision Build Log</h1>
<h2>Project:</h2>
D:\git\devices\ad9850\MDK-ARM\ad9850.uvprojx
Project File Date:  10/15/2016

<h2>Output:</h2>
Build target 'ad9850'
linking...
Program Size: Code=12432 RO-data=284 RW-data=372 ZI-data=3748  
"ad9850\ad9850.axf" - 0 Error(s), 0 Warning(s).

<h2>Software Packages used:</h2>

Package Vendor: ARM
                http://www.keil.com/pack/ARM.CMSIS.4.1.0.pack
                ARM::CMSIS:CORE:3.30.0
                CMSIS (Cortex Microcontroller Software Interface Standard)
   * Component: CORE Version: 3.30.0

<h2>Collection of Component include folders:</h2>
  D:\git\devices\ad9850\MDK-ARM\RTE
  D:\Keil5\ARM\PACK\ARM\CMSIS\4.1.0\CMSIS\Include
  D:\Keil5\ARM\PACK\Keil\STM32F1xx_DFP\2.0.0

<h2>Collection of Component Files used:</h2>

   * Component: ARM::CMSIS:CORE:3.30.0
      Source file:   CMSIS\UserCodeTemplates\ARM\ITM_Retarget.c
Load "ad9850\\ad9850.axf" 
Erase Done.
Programming Done.
Verify OK.
Application running ...
plication running ...
em_stm32f1xx.c...
linking...
Program Size: Code=12424 RO-data=284 RW-data=372 ZI-data=3748  
"ad9850\ad9850.axf" - 0 Error(s), 0 Warning(s).

<h2>Software Packages used:</h2>

Package Vendor: ARM
                http://www.keil.com/pack/ARM.CMSIS.4.1.0.pack
                ARM::CMSIS:CORE:3.30.0
                CMSIS (Cortex Microcontroller Software Interface Standard)
   * Component: CORE Version: 3.30.0

<h2>Collection of Component include folders:</h2>
  D:\git\devices\ad9850\MDK-ARM\RTE
  D:\Keil5\ARM\PACK\ARM\CMSIS\4.1.0\CMSIS\Include
  D:\Keil5\ARM\PACK\Keil\STM32F1xx_DFP\2.0.0

<h2>Collection of Component Files used:</h2>

   * Component: ARM::CMSIS:CORE:3.30.0
      Source file:   CMSIS\UserCodeTemplates\ARM\ITM_Retarget.c
t Files used:</h2>

   * Component: ARM::CMSIS:CORE:3.30.0
      Source file:   CMSIS\UserCodeTemplates\ARM\ITM_Retarget.c
Target not created
