<html>
<body>
<pre>
<h1>µVision Build Log</h1>
<h2>Project:</h2>
D:\git\devices\ad9850\MDK-ARM\ad9850.uvprojx
Project File Date:  10/22/2016

<h2>Output:</h2>
Build target 'ad9850'
compiling terminal.c...
linking...
Program Size: Code=17964 RO-data=436 RW-data=404 ZI-data=3980  
"ad9850\ad9850.axf" - 0 Error(s), 0 Warning(s).

<h2>Software Packages used:</h2>

Package Vendor: ARM
                http://www.keil.com/pack/ARM.CMSIS.4.1.0.pack
                ARM::CMSIS:CORE:3.30.0
                CMSIS (Cortex Microcontroller Software Interface Standard)
   * Component: CORE Version: 3.30.0

<h2>Collection of Component include folders:</h2>
  D:\git\devices\ad9850\MDK-ARM\RTE
  D:\Keil5\ARM\PACK\ARM\CMSIS\4.1.0\CMSIS\Include
  D:\Keil5\ARM\PACK\Keil\STM32F1xx_DFP\2.0.0

<h2>Collection of Component Files used:</h2>

   * Component: ARM::CMSIS:CORE:3.30.0
      Source file:   CMSIS\UserCodeTemplates\ARM\ITM_Retarget.c
Load "ad9850\\ad9850.axf" 
Erase Done.
Programming Done.
Verify OK.
Application running ...
</pre>
</body>
</html>
se Done.
Programming Done.
Verify OK.
Application running ...
CMSIS:CORE:3.30.0
      Source file:   CMSIS\UserCodeTemplates\ARM\ITM_Retarget.c
Target not created
 - 0 Error(s), 1 Warning(s).
r of type "const char *"
                                        param.p = &rx_buf[strlen(cmdlist[i].cmd)]; // from first param spacer to command spacer - parameter string
..\Src\terminal.c(127): error:  #167: argument of type "TString" is incompatible with parameter of type "const char *"
                                        param.l = cmd.l - strlen(cmdlist[i].cmd);  // lengt of parameter string eq total length minus command lengt (param spacer - to param)
..\Src\terminal.c: 0 warnings, 5 errors
"ad9850\ad9850.axf" - 5 Error(s), 1 Warning(s).

<h2>Software Packages used:</h2>

Package Vendor: ARM
                http://www.keil.com/pack/ARM.CMSIS.4.1.0.pack
                ARM::CMSIS:CORE:3.30.0
                CMSIS (Cortex Microcontroller Software Interface Standard)
   * Component: CORE Version: 3.30.0

<h2>Collection of Component include folders:</h2>
  D:\git\devices\ad9850\MDK-ARM\RTE
  D:\Keil5\ARM\PACK\ARM\CMSIS\4.1.0\CMSIS\Include
  D:\Keil5\ARM\PACK\Keil\STM32F1xx_DFP\2.0.0

<h2>Collection of Component Files used:</h2>

   * Component: ARM::CMSIS:CORE:3.30.0
      Source file:   CMSIS\UserCodeTemplates\ARM\ITM_Retarget.c
Target not created
spacer to command spacer - parameter string
..\Src\terminal.c(127): error:  #167: argument of type "TString *" is incompatible with parameter of type "const char *"
                                        param.l = cmd.l - strlen(cmdlist[i].cmd);  // lengt of parameter string eq total length minus command lengt (param spacer - to param)
..\Src\terminal.c: 0 warnings, 6 errors
compiling system_stm32f1xx.c...
"ad9850\ad9850.axf" - 6 Error(s), 2 Warning(s).

<h2>Software Packages used:</h2>

Package Vendor: ARM
                http://www.keil.com/pack/ARM.CMSIS.4.1.0.pack
                ARM::CMSIS:CORE:3.30.0
                CMSIS (Cortex Microcontroller Software Interface Standard)
   * Component: CORE Version: 3.30.0

<h2>Collection of Component include folders:</h2>
  D:\git\devices\ad9850\MDK-ARM\RTE
  D:\Keil5\ARM\PACK\ARM\CMSIS\4.1.0\CMSIS\Include
  D:\Keil5\ARM\PACK\Keil\STM32F1xx_DFP\2.0.0

<h2>Collection of Component Files used:</h2>

   * Component: ARM::CMSIS:CORE:3.30.0
      Source file:   CMSIS\UserCodeTemplates\ARM\ITM_Retarget.c
Target not created
