<html>
<body>
<pre>
<h1>µVision Build Log</h1>
<h2>Tool Versions:</h2>
IDE-Version: µVision V5.22.0.0
Copyright (C) 2016 ARM Ltd and ARM Germany GmbH. All rights reserved.
License Information: k k, k, LIC=X1ENN-YIVPX-21YPS-LFY3M-PY1ST-ANV3X
 
Tool Versions:
Toolchain:       MDK-ARM Professional  Version: 5.22
Toolchain Path:  E:\Keil_v5\ARM\ARMCC\Bin
C Compiler:      Armcc.exe V5.06 update 4 (build 422)
Assembler:       Armasm.exe V5.06 update 4 (build 422)
Linker/Locator:  ArmLink.exe V5.06 update 4 (build 422)
Library Manager: ArmAr.exe V5.06 update 4 (build 422)
Hex Converter:   FromElf.exe V5.06 update 4 (build 422)
CPU DLL:         SARMCM3.DLL V5.22
Dialog DLL:      DCM.DLL V1.13.9.0
Target DLL:      STLink\ST-LINKIII-KEIL_SWO.dll V2.0.18.0
Dialog DLL:      TCM.DLL V1.21.0.0
 
<h2>Project:</h2>
D:\git\devices\ads1256\MDK-ARM\ads1256.uvprojx
Project File Date:  01/09/2017

<h2>Output:</h2>
*** Using Compiler 'V5.06 update 4 (build 422)', folder: 'E:\Keil_v5\ARM\ARMCC\Bin'
Build target 'ads1256'
compiling main.c...
../Inc/ads1256.h(115): warning:  #1295-D: Deprecated declaration ads1256_read_data_continue_start - give arg types
  void ads1256_read_data_continue_start();
../Inc/ads1256.h(117): warning:  #1295-D: Deprecated declaration drdy_tst - give arg types
  GPIO_PinState drdy_tst();
../Inc/ads1256.h(118): warning:  #1295-D: Deprecated declaration ads1256_sync - give arg types
  	void ads1256_sync();
../Inc/ads1256.h(119): warning:  #1295-D: Deprecated declaration ads1256_wake_up - give arg types
  void	ads1256_wake_up();
../Inc/ads1256.h(123): warning:  #1295-D: Deprecated declaration nss_hi - give arg types
  void nss_hi();
../Inc/ads1256.h(124): warning:  #1295-D: Deprecated declaration nss_low - give arg types
  void nss_low();
../Src/main.c(79): warning:  #940-D: missing return statement at end of non-void function "Coder" 
  		}
../Src/main.c: 7 warnings, 0 errors
linking...
Program Size: Code=20816 RO-data=284 RW-data=376 ZI-data=4032  
"ads1256\ads1256.axf" - 0 Error(s), 7 Warning(s).

<h2>Software Packages used:</h2>

Package Vendor: ARM
                http://www.keil.com/pack/ARM.CMSIS.5.0.0.pack
                ARM::CMSIS:CORE:5.0.0
                CMSIS (Cortex Microcontroller Software Interface Standard)
   * Component: CORE Version: 5.0.0

<h2>Collection of Component include folders:</h2>
  D:\git\devices\ads1256\MDK-ARM\RTE\_ads1256
  E:\Keil_v5\ARM\PACK\ARM\CMSIS\5.0.0\CMSIS\Include
  E:\Keil_v5\ARM\PACK\Keil\STM32F1xx_DFP\2.1.0\Device\Include

<h2>Collection of Component Files used:</h2>

   * Component: ARM::CMSIS:CORE:5.0.0
Build Time Elapsed:  00:00:01
</pre>
</body>
</html>
