<html>
<body>
<pre>
<h1>µVision Build Log</h1>
<h2>Project:</h2>
D:\git\devices\tft_lcd_hy32d_fsmc\MDK-ARM\tft_lcd_hy32d_fsmc.uvprojx
Project File Date:  03/18/2016

<h2>Output:</h2>
Build target 'tft_lcd_hy32d_fsmc Configuration'
compiling main.c...
linking...
Program Size: Code=6360 RO-data=828 RW-data=16 ZI-data=1096  
FromELF: creating hex file...
"tft_lcd_hy32d_fsmc Configuration\tft_lcd_hy32d_fsmc Configuration.axf" - 0 Error(s), 0 Warning(s).

<h2>Software Packages used:</h2>

Package Vendor: ARM
                http://www.keil.com/pack/ARM.CMSIS.4.1.0.pack
                ARM::CMSIS:CORE:3.30.0
                CMSIS (Cortex Microcontroller Software Interface Standard)
   * Component: CORE Version: 3.30.0

<h2>Collection of Component include folders:</h2>
  D:\git\devices\tft_lcd_hy32d_fsmc\MDK-ARM\RTE
  D:\Keil5\ARM\PACK\ARM\CMSIS\4.1.0\CMSIS\Include
  D:\Keil5\ARM\PACK\Keil\STM32F1xx_DFP\2.0.0

<h2>Collection of Component Files used:</h2>

   * Component: ARM::CMSIS:CORE:3.30.0
      Source file:   CMSIS\UserCodeTemplates\ARM\ITM_Retarget.c
Load "tft_lcd_hy32d_fsmc Configuration\\tft_lcd_hy32d_fsmc Configuration.axf" 
Erase Done.
Programming Done.
Verify OK.
Application running ...
Clean started: Project: 'tft_lcd_hy32d_fsmc'
   deleting intermediate output files for target 'tft_lcd_hy32d_fsmc Configuration'
ges used:</h2>

Package Vendor: ARM
                http://www.keil.com/pack/ARM.CMSIS.4.1.0.pack
                ARM::CMSIS:CORE:3.30.0
                CMSIS (Cortex Microcontroller Software Interface Standard)
   * Component: CORE Version: 3.30.0

<h2>Collection of Component include folders:</h2>
  D:\git\devices\tft_lcd_hy32d_fsmc\MDK-ARM\RTE
  D:\Keil5\ARM\PACK\ARM\CMSIS\4.1.0\CMSIS\Include
  D:\Keil5\ARM\PACK\Keil\STM32F1xx_DFP\2.0.0

<h2>Collection of Component Files used:</h2>

   * Component: ARM::CMSIS:CORE:3.30.0
      Source file:   CMSIS\UserCodeTemplates\ARM\ITM_Retarget.c
Load "tft_lcd_hy32d_fsmc Configuration\\tft_lcd_hy32d_fsmc Configuration.axf" 
Erase Done.
Programming Done.
Verify OK.
Load "tft_lcd_hy32d_fsmc Configuration\\tft_lcd_hy32d_fsmc Configuration.axf" 
Erase Done.
Programming Done.
Verify OK.
Application running ...
Load "tft_lcd_hy32d_fsmc Configuration\\tft_lcd_hy32d_fsmc Configuration.axf" 
Erase Done.
Programming Done.
Verify OK.
Application running ...
