<html>
<body>
<pre>
<h1>µVision Build Log</h1>
<h2>Project:</h2>
D:\git\devices\tft_lcd_hy32d_fsmc\MDK-ARM\tft_lcd_hy32d_fsmc.uvprojx
Project File Date:  03/18/2016

<h2>Output:</h2>
Build target 'tft_lcd_hy32d_fsmc Configuration'
compiling main.c...
linking...
Program Size: Code=6612 RO-data=828 RW-data=16 ZI-data=1096  
FromELF: creating hex file...
"tft_lcd_hy32d_fsmc Configuration\tft_lcd_hy32d_fsmc Configuration.axf" - 0 Error(s), 0 Warning(s).

<h2>Software Packages used:</h2>

Package Vendor: ARM
                http://www.keil.com/pack/ARM.CMSIS.4.1.0.pack
                ARM::CMSIS:CORE:3.30.0
                CMSIS (Cortex Microcontroller Software Interface Standard)
   * Component: CORE Version: 3.30.0

<h2>Collection of Component include folders:</h2>
  D:\git\devices\tft_lcd_hy32d_fsmc\MDK-ARM\RTE
  D:\Keil5\ARM\PACK\ARM\CMSIS\4.1.0\CMSIS\Include
  D:\Keil5\ARM\PACK\Keil\STM32F1xx_DFP\2.0.0

<h2>Collection of Component Files used:</h2>

   * Component: ARM::CMSIS:CORE:3.30.0
      Source file:   CMSIS\UserCodeTemplates\ARM\ITM_Retarget.c
Clean started: Project: 'tft_lcd_hy32d_fsmc'
   deleting intermediate output files for target 'tft_lcd_hy32d_fsmc Configuration'
il\STM32F1xx_DFP\2.0.0

<h2>Collection of Component Files used:</h2>

   * Component: ARM::CMSIS:CORE:3.30.0
      Source file:   CMSIS\UserCodeTemplates\ARM\ITM_Retarget.c
Target not created
                http://www.keil.com/pack/ARM.CMSIS.4.1.0.pack
                ARM::CMSIS:CORE:3.30.0
                CMSIS (Cortex Microcontroller Software Interface Standard)
   * Component: CORE Version: 3.30.0

<h2>Collection of Component include folders:</h2>
  D:\git\devices\tft_lcd_hy32d_fsmc\MDK-ARM\RTE
  D:\Keil5\ARM\PACK\ARM\CMSIS\4.1.0\CMSIS\Include
  D:\Keil5\ARM\PACK\Keil\STM32F1xx_DFP\2.0.0

<h2>Collection of Component Files used:</h2>

   * Component: ARM::CMSIS:CORE:3.30.0
      Source file:   CMSIS\UserCodeTemplates\ARM\ITM_Retarget.c
Target not created
nt: ARM::CMSIS:CORE:3.30.0
      Source file:   CMSIS\UserCodeTemplates\ARM\ITM_Retarget.c
Target not created
t Files used:</h2>

   * Component: ARM::CMSIS:CORE:3.30.0
      Source file:   CMSIS\UserCodeTemplates\ARM\ITM_Retarget.c
Target not created
Src\TouchPanel.c(330): error:  #77-D: this declaration has no storage class or type specifier
        temp[1] = ( buffer[1][3] + buffer[1][4] + buffer[1][5] ) / 3;
..\Src\TouchPanel.c(330): warning:  #520-D: initialization with "{...}" expected for aggregate object
        temp[1] = ( buffer[1][3] + buffer[1][4] + buffer[1][5] ) / 3;
..\Src\TouchPanel.c(330): error:  #20: identifier "buffer" is undefined
        temp[1] = ( buffer[1][3] + buffer[1][4] + buffer[1][5] ) / 3;
..\Src\TouchPanel.c(331): error:  #77-D: this declaration has no storage class or type specifier
        temp[2] = ( buffer[1][6] + buffer[1][7] + buffer[1][8] ) / 3;
..\Src\TouchPanel.c(331): error:  #147: declaration is incompatible with "int temp[1]" (declared at line 330)
        temp[2] = ( buffer[1][6] + buffer[1][7] + buffer[1][8] ) / 3;
..\Src\TouchPanel.c(331): warning:  #520-D: initialization with "{...}" expected for aggregate object
        temp[2] = ( buffer[1][6] + buffer[1][7] + buffer[1][8] ) / 3;
..\Src\TouchPanel.c(333): error:  #77-D: this declaration has no storage class or type specifier
        m0 = temp[0] - temp[1];
..\Src\TouchPanel.c(333): error:  #28: expression must have a constant value
        m0 = temp[0] - temp[1];
..\Src\TouchPanel.c(333): error:  #28: expression must have a constant value
        m0 = temp[0] - temp[1];
..\Src\TouchPanel.c(334): error:  #77-D: this declaration has no storage class or type specifier
        m1 = temp[1] - temp[2];
..\Src\TouchPanel.c(334): error:  #28: expression must have a constant value
        m1 = temp[1] - temp[2];
..\Src\TouchPanel.c(334): warning:  #175-D: subscript out of range
        m1 = temp[1] - temp[2];
..\Src\TouchPanel.c(334): error:  #28: expression must have a constant value
        m1 = temp[1] - temp[2];
..\Src\TouchPanel.c(335): error:  #77-D: this declaration has no storage class or type specifier
        m2 = temp[2] - temp[0];
..\Src\TouchPanel.c(335): warning:  #175-D: subscript out of range
        m2 = temp[2] - temp[0];
..\Src\TouchPanel.c(335): error:  #28: expression must have a constant value
        m2 = temp[2] - temp[0];
..\Src\TouchPanel.c(335): error:  #28: expression must have a constant value
        m2 = temp[2] - temp[0];
..\Src\TouchPanel.c(337): error:  #77-D: this declaration has no storage class or type specifier
        m0 = m0 > 0 ? m0 : (-m0);
..\Src\TouchPanel.c(337): error:  #148: variable "m0" has already been initialized
        m0 = m0 > 0 ? m0 : (-m0);
..\Src\TouchPanel.c(337): error:  #28: expression must have a constant value
        m0 = m0 > 0 ? m0 : (-m0);
..\Src\TouchPanel.c(337): error:  #28: expression must have a constant value
        m0 = m0 > 0 ? m0 : (-m0);
..\Src\TouchPanel.c(337): error:  #28: expression must have a constant value
        m0 = m0 > 0 ? m0 : (-m0);
..\Src\TouchPanel.c(338): error:  #77-D: this declaration has no storage class or type specifier
        m1 = m1 > 0 ? m1 : (-m1);
..\Src\TouchPanel.c(338): error:  #148: variable "m1" has already been initialized
        m1 = m1 > 0 ? m1 : (-m1);
..\Src\TouchPanel.c(338): error:  #28: expression must have a constant value
        m1 = m1 > 0 ? m1 : (-m1);
..\Src\TouchPanel.c(338): error:  #28: expression must have a constant value
        m1 = m1 > 0 ? m1 : (-m1);
..\Src\TouchPanel.c(338): error:  #28: expression must have a constant value
        m1 = m1 > 0 ? m1 : (-m1);
..\Src\TouchPanel.c(339): error:  #77-D: this declaration has no storage class or type specifier
        m2 = m2 > 0 ? m2 : (-m2);
..\Src\TouchPanel.c(339): error:  #148: variable "m2" has already been initialized
        m2 = m2 > 0 ? m2 : (-m2);
..\Src\TouchPanel.c(339): error:  #28: expression must have a constant value
        m2 = m2 > 0 ? m2 : (-m2);
..\Src\TouchPanel.c: 17 warnings, 30 errors
"tft_lcd_hy32d_fsmc Configuration\tft_lcd_hy32d_fsmc Configuration.axf" - 30 Error(s), 17 Warning(s).

<h2>Software Packages used:</h2>

Package Vendor: ARM
                http://www.keil.com/pack/ARM.CMSIS.4.1.0.pack
                ARM::CMSIS:CORE:3.30.0
                CMSIS (Cortex Microcontroller Software Interface Standard)
   * Component: CORE Version: 3.30.0

<h2>Collection of Component include folders:</h2>
  D:\git\devices\tft_lcd_hy32d_fsmc\MDK-ARM\RTE
  D:\Keil5\ARM\PACK\ARM\CMSIS\4.1.0\CMSIS\Include
  D:\Keil5\ARM\PACK\Keil\STM32F1xx_DFP\2.0.0

<h2>Collection of Component Files used:</h2>

   * Component: ARM::CMSIS:CORE:3.30.0
      Source file:   CMSIS\UserCodeTemplates\ARM\ITM_Retarget.c
Target not created
CMSIS:CORE:3.30.0
      Source file:   CMSIS\UserCodeTemplates\ARM\ITM_Retarget.c
Target not created
ror:  #136: struct "<unnamed>" has no field "GPIO_Mode"
      gpio.GPIO_Mode = GPIO_Mode_AF_PP;
..\Drivers\tft\ssd1289_fsmc.c(34): error:  #136: struct "<unnamed>" has no field "GPIO_Speed"
      gpio.GPIO_Speed = GPIO_Speed_50MHz;
..\Drivers\tft\ssd1289_fsmc.c(38): error:  #136: struct "<unnamed>" has no field "GPIO_Pin"
      gpio.GPIO_Pin = GPIO_Pin_1 ;       
..\Drivers\tft\ssd1289_fsmc.c: 3 warnings, 30 errors
"tft_lcd_hy32d_fsmc Configuration\tft_lcd_hy32d_fsmc Configuration.axf" - 30 Error(s), 3 Warning(s).

<h2>Software Packages used:</h2>

Package Vendor: ARM
                http://www.keil.com/pack/ARM.CMSIS.4.1.0.pack
                ARM::CMSIS:CORE:3.30.0
                CMSIS (Cortex Microcontroller Software Interface Standard)
   * Component: CORE Version: 3.30.0

<h2>Collection of Component include folders:</h2>
  D:\git\devices\tft_lcd_hy32d_fsmc\MDK-ARM\RTE
  D:\Keil5\ARM\PACK\ARM\CMSIS\4.1.0\CMSIS\Include
  D:\Keil5\ARM\PACK\Keil\STM32F1xx_DFP\2.0.0

<h2>Collection of Component Files used:</h2>

   * Component: ARM::CMSIS:CORE:3.30.0
      Source file:   CMSIS\UserCodeTemplates\ARM\ITM_Retarget.c
Target not created
