<html>
<body>
<pre>
<h1>µVision Build Log</h1>
<h2>Tool Versions:</h2>
IDE-Version: µVision V5.22.0.0
Copyright (C) 2016 ARM Ltd and ARM Germany GmbH. All rights reserved.
License Information: k k, k, LIC=Y2B2Z-JKKCX-17IRR-KV7NX-66JJE-3EQH9
 
Tool Versions:
Toolchain:       MDK-ARM Professional  Version: 5.22
Toolchain Path:  E:\Keil_v5\ARM\ARMCC\Bin
C Compiler:      Armcc.exe V5.06 update 4 (build 422)
Assembler:       Armasm.exe V5.06 update 4 (build 422)
Linker/Locator:  ArmLink.exe V5.06 update 4 (build 422)
Library Manager: ArmAr.exe V5.06 update 4 (build 422)
Hex Converter:   FromElf.exe V5.06 update 4 (build 422)
CPU DLL:         SARMCM3.DLL V5.22
Dialog DLL:      DCM.DLL V1.13.9.0
Target DLL:      STLink\ST-LINKIII-KEIL_SWO.dll V2.0.18.0
Dialog DLL:      TCM.DLL V1.21.0.0
 
<h2>Project:</h2>
D:\git\devices\kusbtoslink\MDK-ARM\kusbtoslink.uvprojx
Project File Date:  07/26/2017

<h2>Output:</h2>
*** Using Compiler 'V5.06 update 4 (build 422)', folder: 'E:\Keil_v5\ARM\ARMCC\Bin'
Build target 'kusbtoslink'
compiling main.c...
../Src/main.c(111): warning:  #177-D: variable "old"  was declared but never referenced
  	uint32_t old = 0;
../Src/main.c: 1 warning, 0 errors
linking...
Program Size: Code=16292 RO-data=284 RW-data=376 ZI-data=3944  
"kusbtoslink\kusbtoslink.axf" - 0 Error(s), 1 Warning(s).

<h2>Software Packages used:</h2>

Package Vendor: ARM
                http://www.keil.com/pack/ARM.CMSIS.5.0.0.pack
                ARM::CMSIS:CORE:5.0.0
                CMSIS (Cortex Microcontroller Software Interface Standard)
   * Component: CORE Version: 5.0.0

<h2>Collection of Component include folders:</h2>
  D:\git\devices\kusbtoslink\MDK-ARM\RTE\_kusbtoslink
  E:\Keil_v5\ARM\PACK\ARM\CMSIS\5.0.0\CMSIS\Include
  E:\Keil_v5\ARM\PACK\Keil\STM32F1xx_DFP\2.1.0\Device\Include

<h2>Collection of Component Files used:</h2>

   * Component: ARM::CMSIS:CORE:5.0.0
Build Time Elapsed:  00:00:01
</pre>
</body>
</html>
