<html>
<body>
<pre>
<h1>µVision Build Log</h1>
<h2>Project:</h2>
D:\git\devices\tft_lcd_hy32d_fsmc\MDK-ARM\tft_lcd_hy32d_fsmc.uvprojx
Project File Date:  07/25/2016

<h2>Output:</h2>
Build target 'tft_lcd_hy32d_fsmc'
compiling TouchPanel.c...
..\Src\TouchPanel.c(90): warning:  #177-D: variable "GPIO_InitStruct" was declared but never referenced
   GPIO_InitTypeDef GPIO_InitStruct;
..\Src\TouchPanel.c(232): warning:  #177-D: variable "tmp" was declared but never referenced
        uint16_t tmp = 0x0000;
..\Src\TouchPanel.c: 2 warnings, 0 errors
linking...
Program Size: Code=42184 RO-data=912 RW-data=336 ZI-data=5384  
FromELF: creating hex file...
"tft_lcd_hy32d_fsmc\tft_lcd_hy32d_fsmc.axf" - 0 Error(s), 2 Warning(s).

<h2>Software Packages used:</h2>

Package Vendor: ARM
                http://www.keil.com/pack/ARM.CMSIS.4.1.0.pack
                ARM::CMSIS:CORE:3.30.0
                CMSIS (Cortex Microcontroller Software Interface Standard)
   * Component: CORE Version: 3.30.0

<h2>Collection of Component include folders:</h2>
  D:\git\devices\tft_lcd_hy32d_fsmc\MDK-ARM\RTE
  D:\Keil5\ARM\PACK\ARM\CMSIS\4.1.0\CMSIS\Include
  D:\Keil5\ARM\PACK\Keil\STM32F1xx_DFP\2.0.0

<h2>Collection of Component Files used:</h2>

   * Component: ARM::CMSIS:CORE:3.30.0
      Source file:   CMSIS\UserCodeTemplates\ARM\ITM_Retarget.c
Load "tft_lcd_hy32d_fsmc\\tft_lcd_hy32d_fsmc.axf" 
Erase Done.
Programming Done.
Verify OK.
Application running ...
 Source file:   CMSIS\UserCodeTemplates\ARM\ITM_Retarget.c
Load "tft_lcd_hy32d_fsmc\\tft_lcd_hy32d_fsmc.axf" 
Erase Done.
Programming Done.
Verify OK.
Application running ...
t open file
Error: Flash Download failed  -  Could not load file 'tft_lcd_hy32d_fsmc\tft_lcd_hy32d_fsmc.axf'
Load "tft_lcd_hy32d_fsmc\\tft_lcd_hy32d_fsmc.axf" 
_____^
*** error 56: cannot open file
Error: Flash Download failed  -  Could not load file 'tft_lcd_hy32d_fsmc\tft_lcd_hy32d_fsmc.axf'

Verify OK.
Application running ...
usbd_storage_if.c...
compiling usbd_conf.c...
compiling usbd_desc.c...
compiling usb_device.c...
compiling system_stm32f1xx.c...
assembling startup_stm32f103xe.s...
compiling sd_diskio.c...
compiling syscall.c...
compiling ff_gen_drv.c...
compiling diskio.c...
compiling ff.c...
compiling usbd_msc_bot.c...
compiling usbd_msc.c...
compiling usbd_ioreq.c...
compiling usbd_core.c...
compiling usbd_msc_data.c...
compiling usbd_ctlreq.c...
compiling usbd_msc_scsi.c...
linking...
Program Size: Code=41544 RO-data=912 RW-data=336 ZI-data=5384  
FromELF: creating hex file...
"tft_lcd_hy32d_fsmc\tft_lcd_hy32d_fsmc.axf" - 0 Error(s), 6 Warning(s).

<h2>Software Packages used:</h2>

Package Vendor: ARM
                http://www.keil.com/pack/ARM.CMSIS.4.1.0.pack
                ARM::CMSIS:CORE:3.30.0
                CMSIS (Cortex Microcontroller Software Interface Standard)
   * Component: CORE Version: 3.30.0

<h2>Collection of Component include folders:</h2>
  D:\git\devices\tft_lcd_hy32d_fsmc\MDK-ARM\RTE
  D:\Keil5\ARM\PACK\ARM\CMSIS\4.1.0\CMSIS\Include
  D:\Keil5\ARM\PACK\Keil\STM32F1xx_DFP\2.0.0

<h2>Collection of Component Files used:</h2>

   * Component: ARM::CMSIS:CORE:3.30.0
      Source file:   CMSIS\UserCodeTemplates\ARM\ITM_Retarget.c
Load "tft_lcd_hy32d_fsmc\\tft_lcd_hy32d_fsmc.axf" 
Erase Done.
Programming Done.
Verify OK.
Application running ...
