<html>
<body>
<pre>
<h1>µVision Build Log</h1>
<h2>Project:</h2>
D:\git\devices\tft_lcd_hy32d_fsmc\MDK-ARM\tft_lcd_hy32d_fsmc.uvprojx
Project File Date:  04/23/2016

<h2>Output:</h2>
Build target 'tft_lcd_hy32d_fsmc'
compiling main.c...
../Src/main.c(555): warning:  #177-D: variable "testFile" was declared but never referenced
   FIL testFile;
../Src/main.c(556): warning:  #177-D: variable "testBytes" was declared but never referenced
    UINT testBytes;
../Src/main.c(557): warning:  #177-D: variable "res" was declared but never referenced
    FRESULT res;
../Src/main.c(600): warning:  #550-D: variable "path" was set but never used
                uint8_t path[13] = "testfile.txt";
../Src/main.c: 4 warnings, 0 errors
linking...
Program Size: Code=28762 RO-data=910 RW-data=300 ZI-data=5220  
FromELF: creating hex file...
"tft_lcd_hy32d_fsmc\tft_lcd_hy32d_fsmc.axf" - 0 Error(s), 4 Warning(s).

<h2>Software Packages used:</h2>

Package Vendor: ARM
                http://www.keil.com/pack/ARM.CMSIS.4.1.0.pack
                ARM::CMSIS:CORE:3.30.0
                CMSIS (Cortex Microcontroller Software Interface Standard)
   * Component: CORE Version: 3.30.0

<h2>Collection of Component include folders:</h2>
  D:\git\devices\tft_lcd_hy32d_fsmc\MDK-ARM\RTE
  D:\Keil5\ARM\PACK\ARM\CMSIS\4.1.0\CMSIS\Include
  D:\Keil5\ARM\PACK\Keil\STM32F1xx_DFP\2.0.0

<h2>Collection of Component Files used:</h2>

   * Component: ARM::CMSIS:CORE:3.30.0
      Source file:   CMSIS\UserCodeTemplates\ARM\ITM_Retarget.c
Load "tft_lcd_hy32d_fsmc\\tft_lcd_hy32d_fsmc.axf" 
Erase Done.
Programming Done.
Verify OK.
Application running ...
</pre>
</body>
</html>
" is incompatible with parameter of type "RTC_HandleTypeDef *"
                sDate.Date = HAL_RTCEx_BKUPRead(hrtc, RTC_BKP_DR3);
../Src/main.c(756): error:  #167: argument of type "RTC_HandleTypeDef" is incompatible with parameter of type "RTC_HandleTypeDef *"
                sDate.Year = HAL_RTCEx_BKUPRead(hrtc, RTC_BKP_DR4);
../Src/main.c: 4 warnings, 7 errors
"tft_lcd_hy32d_fsmc\tft_lcd_hy32d_fsmc.axf" - 7 Error(s), 4 Warning(s).

<h2>Software Packages used:</h2>

Package Vendor: ARM
                http://www.keil.com/pack/ARM.CMSIS.4.1.0.pack
                ARM::CMSIS:CORE:3.30.0
                CMSIS (Cortex Microcontroller Software Interface Standard)
   * Component: CORE Version: 3.30.0

<h2>Collection of Component include folders:</h2>
  D:\git\devices\tft_lcd_hy32d_fsmc\MDK-ARM\RTE
  D:\Keil5\ARM\PACK\ARM\CMSIS\4.1.0\CMSIS\Include
  D:\Keil5\ARM\PACK\Keil\STM32F1xx_DFP\2.0.0

<h2>Collection of Component Files used:</h2>

   * Component: ARM::CMSIS:CORE:3.30.0
      Source file:   CMSIS\UserCodeTemplates\ARM\ITM_Retarget.c
Target not created
.0
      Source file:   CMSIS\UserCodeTemplates\ARM\ITM_Retarget.c
Load "tft_lcd_hy32d_fsmc\\tft_lcd_hy32d_fsmc.axf" 
Erase Done.
Programming Done.
Verify OK.
Application running ...
