<html>
<body>
<pre>
<h1>µVision Build Log</h1>
<h2>Project:</h2>
D:\git\devices\optotest\MDK-ARM\optotest.uvprojx
Project File Date:  05/19/2016

<h2>Output:</h2>
Build target 'optotest'
compiling usbd_cdc_if.c...
linking...
Program Size: Code=13880 RO-data=284 RW-data=368 ZI-data=4576  
"optotest\optotest.axf" - 0 Error(s), 0 Warning(s).

<h2>Software Packages used:</h2>

Package Vendor: ARM
                http://www.keil.com/pack/ARM.CMSIS.4.1.0.pack
                ARM::CMSIS:CORE:3.30.0
                CMSIS (Cortex Microcontroller Software Interface Standard)
   * Component: CORE Version: 3.30.0

<h2>Collection of Component include folders:</h2>
  D:\git\devices\optotest\MDK-ARM\RTE
  D:\Keil5\ARM\PACK\ARM\CMSIS\4.1.0\CMSIS\Include
  D:\Keil5\ARM\PACK\Keil\STM32F1xx_DFP\2.0.0

<h2>Collection of Component Files used:</h2>

   * Component: ARM::CMSIS:CORE:3.30.0
      Source file:   CMSIS\UserCodeTemplates\ARM\ITM_Retarget.c
Load "optotest\\optotest.axf" 
Erase Done.
Programming Done.
Verify OK.
:   CMSIS\UserCodeTemplates\ARM\ITM_Retarget.c
Target not created
il\STM32F1xx_DFP\2.0.0

<h2>Collection of Component Files used:</h2>

   * Component: ARM::CMSIS:CORE:3.30.0
      Source file:   CMSIS\UserCodeTemplates\ARM\ITM_Retarget.c
Target not created
k/ARM.CMSIS.4.1.0.pack
                ARM::CMSIS:CORE:3.30.0
                CMSIS (Cortex Microcontroller Software Interface Standard)
   * Component: CORE Version: 3.30.0

<h2>Collection of Component include folders:</h2>
  D:\git\devices\optotest\MDK-ARM\RTE
  D:\Keil5\ARM\PACK\ARM\CMSIS\4.1.0\CMSIS\Include
  D:\Keil5\ARM\PACK\Keil\STM32F1xx_DFP\2.0.0

<h2>Collection of Component Files used:</h2>

   * Component: ARM::CMSIS:CORE:3.30.0
      Source file:   CMSIS\UserCodeTemplates\ARM\ITM_Retarget.c
