<html>
<body>
<pre>
<h1>µVision Build Log</h1>
<h2>Project:</h2>
D:\git\devices\spectro2\MDK-ARM\spectro2.uvprojx
Project File Date:  09/23/2016

<h2>Output:</h2>
Build target 'spectro2'
compiling stm32f1xx_hal_msp.c...
linking...
Program Size: Code=16312 RO-data=284 RW-data=372 ZI-data=10028  
"spectro2\spectro2.axf" - 0 Error(s), 0 Warning(s).

<h2>Software Packages used:</h2>

Package Vendor: ARM
                http://www.keil.com/pack/ARM.CMSIS.4.1.0.pack
                ARM::CMSIS:CORE:3.30.0
                CMSIS (Cortex Microcontroller Software Interface Standard)
   * Component: CORE Version: 3.30.0

<h2>Collection of Component include folders:</h2>
  D:\git\devices\spectro2\MDK-ARM\RTE
  D:\Keil5\ARM\PACK\ARM\CMSIS\4.1.0\CMSIS\Include
  D:\Keil5\ARM\PACK\Keil\STM32F1xx_DFP\2.0.0

<h2>Collection of Component Files used:</h2>

   * Component: ARM::CMSIS:CORE:3.30.0
      Source file:   CMSIS\UserCodeTemplates\ARM\ITM_Retarget.c
Load "spectro2\\spectro2.axf" 
Erase Done.
Programming Done.
Verify OK.
Application running ...
</pre>
</body>
</html>
Flash Download failed  -  Target DLL has been cancelled
lash Download failed  -  Could not load file 'spectro2\spectro2.axf'
79: expected a type specifier
    HAL_RCCEx_PeriphCLKConfig(&PeriphClkInit);
../Src/main.c(167): error:  #260-D: explicit type is missing ("int" assumed)
    HAL_RCCEx_PeriphCLKConfig(&PeriphClkInit);
../Src/main.c(167): error:  #147: declaration is incompatible with "HAL_StatusTypeDef HAL_RCCEx_PeriphCLKConfig(RCC_PeriphCLKInitTypeDef *)" (declared at line 1877 of "../Drivers/STM32F1xx_HAL_Driver/Inc/stm32f1xx_hal_rcc_ex.h")
    HAL_RCCEx_PeriphCLKConfig(&PeriphClkInit);
../Src/main.c(169): error:  #757: function "HAL_RCC_GetHCLKFreq" is not a type name
    HAL_SYSTICK_Config(HAL_RCC_GetHCLKFreq()/1000);
../Src/main.c(169): error:  #18: expected a ")"
    HAL_SYSTICK_Config(HAL_RCC_GetHCLKFreq()/1000);
../Src/main.c(169): error:  #260-D: explicit type is missing ("int" assumed)
    HAL_SYSTICK_Config(HAL_RCC_GetHCLKFreq()/1000);
../Src/main.c(169): error:  #147-D: declaration is incompatible with "uint32_t HAL_SYSTICK_Config(uint32_t)" (declared at line 387 of "../Drivers/STM32F1xx_HAL_Driver/Inc/stm32f1xx_hal_cortex.h")
    HAL_SYSTICK_Config(HAL_RCC_GetHCLKFreq()/1000);
../Src/main.c(171): error:  #79: expected a type specifier
    HAL_SYSTICK_CLKSourceConfig(SYSTICK_CLKSOURCE_HCLK);
../Src/main.c(171): error:  #260-D: explicit type is missing ("int" assumed)
    HAL_SYSTICK_CLKSourceConfig(SYSTICK_CLKSOURCE_HCLK);
../Src/main.c(171): error:  #147: declaration is incompatible with "void HAL_SYSTICK_CLKSourceConfig(uint32_t)" (declared at line 405 of "../Drivers/STM32F1xx_HAL_Driver/Inc/stm32f1xx_hal_cortex.h")
    HAL_SYSTICK_CLKSourceConfig(SYSTICK_CLKSOURCE_HCLK);
../Src/main.c(174): error:  #40: expected an identifier
    HAL_NVIC_SetPriority(SysTick_IRQn, 0, 0);
../Src/main.c(174): error:  #40: expected an identifier
    HAL_NVIC_SetPriority(SysTick_IRQn, 0, 0);
../Src/main.c(174): error:  #260-D: explicit type is missing ("int" assumed)
    HAL_NVIC_SetPriority(SysTick_IRQn, 0, 0);
../Src/main.c(174): error:  #92: identifier-list parameters may only be used in a function definition
    HAL_NVIC_SetPriority(SysTick_IRQn, 0, 0);
../Src/main.c(174): error:  #147: declaration is incompatible with "void HAL_NVIC_SetPriority(IRQn_Type, uint32_t, uint32_t)" (declared at line 383 of "../Drivers/STM32F1xx_HAL_Driver/Inc/stm32f1xx_hal_cortex.h")
    HAL_NVIC_SetPriority(SysTick_IRQn, 0, 0);
../Src/main.c(175): error:  #169: expected a declaration
  }
../Src/main.c(226): warning:  #12-D: parsing restarts here after previous syntax error
    sMasterConfig.MasterSlaveMode = TIM_MASTERSLAVEMODE_ENABLE;
../Src/main.c(227): error:  #79: expected a type specifier
    HAL_TIMEx_MasterConfigSynchronization(&htim1, &sMasterConfig);
../Src/main.c(227): error:  #79: expected a type specifier
    HAL_TIMEx_MasterConfigSynchronization(&htim1, &sMasterConfig);
../Src/main.c(227): error:  #260-D: explicit type is missing ("int" assumed)
    HAL_TIMEx_MasterConfigSynchronization(&htim1, &sMasterConfig);
../Src/main.c(227): error:  #147: declaration is incompatible with "HAL_StatusTypeDef HAL_TIMEx_MasterConfigSynchronization(TIM_HandleTypeDef *, TIM_MasterConfigTypeDef *)" (declared at line 252 of "../Drivers/STM32F1xx_HAL_Driver/Inc/stm32f1xx_hal_tim_ex.h")
    HAL_TIMEx_MasterConfigSynchronization(&htim1, &sMasterConfig);
../Src/main.c(229): error:  #77-D: this declaration has no storage class or type specifier
    sBreakDeadTimeConfig.OffStateRunMode = TIM_OSSR_DISABLE;
../Src/main.c(229): error:  #65: expected a ";"
    sBreakDeadTimeConfig.OffStateRunMode = TIM_OSSR_DISABLE;
../Src/main.c(230): error:  #77-D: this declaration has no storage class or type specifier
    sBreakDeadTimeConfig.OffStateIDLEMode = TIM_OSSI_DISABLE;
../Src/main.c(230): error:  #65: expected a ";"
    sBreakDeadTimeConfig.OffStateIDLEMode = TIM_OSSI_DISABLE;
../Src/main.c: 3 warnings, 30 errors
"spectro2\spectro2.axf" - 30 Error(s), 3 Warning(s).

<h2>Software Packages used:</h2>

Package Vendor: ARM
                http://www.keil.com/pack/ARM.CMSIS.4.1.0.pack
                ARM::CMSIS:CORE:3.30.0
                CMSIS (Cortex Microcontroller Software Interface Standard)
   * Component: CORE Version: 3.30.0

<h2>Collection of Component include folders:</h2>
  D:\git\devices\spectro2\MDK-ARM\RTE
  D:\Keil5\ARM\PACK\ARM\CMSIS\4.1.0\CMSIS\Include
  D:\Keil5\ARM\PACK\Keil\STM32F1xx_DFP\2.0.0

<h2>Collection of Component Files used:</h2>

   * Component: ARM::CMSIS:CORE:3.30.0
      Source file:   CMSIS\UserCodeTemplates\ARM\ITM_Retarget.c
Target not created
Load "spectro2\\spectro2.axf" 
_____^
*** error 56: cannot open file
Error: Flash Download failed  -  Could not load file 'spectro2\spectro2.axf'
Load "spectro2\\spectro2.axf" 
_____^
*** error 56: cannot open file
Error: Flash Download failed  -  Could not load file 'spectro2\spectro2.axf'
